Archive member included to satisfy reference by file (symbol)

/usr/lib/gcc/arm-none-eabi/9.2.1/thumb/v6-m/nofp/libgcc.a(_dvmd_tls.o)
                              CMakeFiles/pico_arm.dir/home/ubuntu/pico-sdk/src/rp2_common/pico_divider/divider.S.obj (__aeabi_idiv0)
/usr/lib/gcc/arm-none-eabi/9.2.1/../../../arm-none-eabi/lib/thumb/v6-m/nofp/libc.a(lib_a-atexit.o)
                              /usr/lib/gcc/arm-none-eabi/9.2.1/../../../arm-none-eabi/lib/thumb/v6-m/nofp/crt0.o (atexit)
/usr/lib/gcc/arm-none-eabi/9.2.1/../../../arm-none-eabi/lib/thumb/v6-m/nofp/libc.a(lib_a-calloc.o)
                              CMakeFiles/pico_arm.dir/home/ubuntu/pico-sdk/src/rp2_common/pico_malloc/pico_malloc.c.obj (calloc)
/usr/lib/gcc/arm-none-eabi/9.2.1/../../../arm-none-eabi/lib/thumb/v6-m/nofp/libc.a(lib_a-callocr.o)
                              /usr/lib/gcc/arm-none-eabi/9.2.1/../../../arm-none-eabi/lib/thumb/v6-m/nofp/libc.a(lib_a-calloc.o) (_calloc_r)
/usr/lib/gcc/arm-none-eabi/9.2.1/../../../arm-none-eabi/lib/thumb/v6-m/nofp/libc.a(lib_a-fini.o)
                              /usr/lib/gcc/arm-none-eabi/9.2.1/../../../arm-none-eabi/lib/thumb/v6-m/nofp/crt0.o (__libc_fini_array)
/usr/lib/gcc/arm-none-eabi/9.2.1/../../../arm-none-eabi/lib/thumb/v6-m/nofp/libc.a(lib_a-impure.o)
                              /usr/lib/gcc/arm-none-eabi/9.2.1/../../../arm-none-eabi/lib/thumb/v6-m/nofp/libc.a(lib_a-calloc.o) (_impure_ptr)
/usr/lib/gcc/arm-none-eabi/9.2.1/../../../arm-none-eabi/lib/thumb/v6-m/nofp/libc.a(lib_a-init.o)
                              /usr/lib/gcc/arm-none-eabi/9.2.1/../../../arm-none-eabi/lib/thumb/v6-m/nofp/crt0.o (__libc_init_array)
/usr/lib/gcc/arm-none-eabi/9.2.1/../../../arm-none-eabi/lib/thumb/v6-m/nofp/libc.a(lib_a-malloc.o)
                              CMakeFiles/pico_arm.dir/home/ubuntu/pico-sdk/src/rp2_common/pico_malloc/pico_malloc.c.obj (malloc)
/usr/lib/gcc/arm-none-eabi/9.2.1/../../../arm-none-eabi/lib/thumb/v6-m/nofp/libc.a(lib_a-mallocr.o)
                              /usr/lib/gcc/arm-none-eabi/9.2.1/../../../arm-none-eabi/lib/thumb/v6-m/nofp/libc.a(lib_a-callocr.o) (_malloc_r)
/usr/lib/gcc/arm-none-eabi/9.2.1/../../../arm-none-eabi/lib/thumb/v6-m/nofp/libc.a(lib_a-mlock.o)
                              /usr/lib/gcc/arm-none-eabi/9.2.1/../../../arm-none-eabi/lib/thumb/v6-m/nofp/libc.a(lib_a-mallocr.o) (__malloc_lock)
/usr/lib/gcc/arm-none-eabi/9.2.1/../../../arm-none-eabi/lib/thumb/v6-m/nofp/libc.a(lib_a-sbrkr.o)
                              /usr/lib/gcc/arm-none-eabi/9.2.1/../../../arm-none-eabi/lib/thumb/v6-m/nofp/libc.a(lib_a-mallocr.o) (_sbrk_r)
/usr/lib/gcc/arm-none-eabi/9.2.1/../../../arm-none-eabi/lib/thumb/v6-m/nofp/libc.a(lib_a-strlen-stub.o)
                              CMakeFiles/pico_arm.dir/home/ubuntu/pico-sdk/src/rp2_common/pico_stdio/stdio.c.obj (strlen)
/usr/lib/gcc/arm-none-eabi/9.2.1/../../../arm-none-eabi/lib/thumb/v6-m/nofp/libc.a(lib_a-__atexit.o)
                              /usr/lib/gcc/arm-none-eabi/9.2.1/../../../arm-none-eabi/lib/thumb/v6-m/nofp/libc.a(lib_a-atexit.o) (__register_exitproc)
/usr/lib/gcc/arm-none-eabi/9.2.1/../../../arm-none-eabi/lib/thumb/v6-m/nofp/libc.a(lib_a-freer.o)
                              /usr/lib/gcc/arm-none-eabi/9.2.1/../../../arm-none-eabi/lib/thumb/v6-m/nofp/libc.a(lib_a-malloc.o) (_free_r)
/usr/lib/gcc/arm-none-eabi/9.2.1/../../../arm-none-eabi/lib/thumb/v6-m/nofp/libc.a(lib_a-reent.o)
                              /usr/lib/gcc/arm-none-eabi/9.2.1/../../../arm-none-eabi/lib/thumb/v6-m/nofp/libc.a(lib_a-sbrkr.o) (errno)

Allocating common symbols
Common symbol       size              file

sf_table            0x100             CMakeFiles/pico_arm.dir/home/ubuntu/pico-sdk/src/rp2_common/pico_float/float_init_rom.c.obj
stepper_1           0xc               CMakeFiles/pico_arm.dir/stepper/stepper.c.obj
packet              0xa               CMakeFiles/pico_arm.dir/pico_arm.c.obj
errno               0x4               /usr/lib/gcc/arm-none-eabi/9.2.1/../../../arm-none-eabi/lib/thumb/v6-m/nofp/libc.a(lib_a-reent.o)
_usbd_qdef_buf      0xc0              CMakeFiles/pico_arm.dir/home/ubuntu/pico-sdk/lib/tinyusb/src/device/usbd.c.obj
servo_driver        0x8               CMakeFiles/pico_arm.dir/servo/servo.c.obj
stepper_driver      0x8               CMakeFiles/pico_arm.dir/stepper/stepper.c.obj
sf_clz_func         0x4               CMakeFiles/pico_arm.dir/home/ubuntu/pico-sdk/src/rp2_common/pico_float/float_init_rom.c.obj
stepper_0           0xc               CMakeFiles/pico_arm.dir/stepper/stepper.c.obj
sd_table            0x100             CMakeFiles/pico_arm.dir/home/ubuntu/pico-sdk/src/rp2_common/pico_double/double_init_rom.c.obj
servo_1             0x8               CMakeFiles/pico_arm.dir/servo/servo.c.obj
uart_char_to_line_feed
                    0x4               CMakeFiles/pico_arm.dir/home/ubuntu/pico-sdk/src/rp2_common/hardware_uart/uart.c.obj
servo_0             0x8               CMakeFiles/pico_arm.dir/servo/servo.c.obj

[...]
Memory Configuration

Name             Origin             Length             Attributes
FLASH            0x0000000010000000 0x0000000000200000 xr
RAM              0x0000000020000000 0x0000000000040000 xrw
SCRATCH_X        0x0000000020040000 0x0000000000001000 xrw
SCRATCH_Y        0x0000000020041000 0x0000000000001000 xrw
*default*        0x0000000000000000 0xffffffffffffffff

Linker script and memory map

LOAD /usr/lib/gcc/arm-none-eabi/9.2.1/thumb/v6-m/nofp/crti.o
LOAD /usr/lib/gcc/arm-none-eabi/9.2.1/thumb/v6-m/nofp/crtbegin.o
LOAD /usr/lib/gcc/arm-none-eabi/9.2.1/../../../arm-none-eabi/lib/thumb/v6-m/nofp/crt0.o

.flash_begin    0x0000000010000000        0x0
                0x0000000010000000                __flash_binary_start = .

.boot2          0x0000000010000000      0x100
                0x0000000010000000                __boot2_start__ = .
 *(.boot2)
 .boot2         0x0000000010000000      0x100 /tmp/cczFJNCA.o
                0x0000000010000100                __boot2_end__ = .
                0x0000000000000001                ASSERT (((__boot2_end__ - __boot2_start__) == 0x100), ERROR: Pico second stage bootloader must be 256 bytes in size)

.text           0x0000000010000100     0x76c0
                0x0000000010000100                __logical_binary_start = .
 *(.vectors)
 .vectors       0x0000000010000100       0xd4 CMakeFiles/pico_arm.dir/home/ubuntu/pico-sdk/src/rp2_common/pico_standard_link/crt0.S.obj
                0x0000000010000100                __vectors
                0x00000000100001c0                isr_invalid
                0x00000000100001c2                isr_nmi
                0x00000000100001c4                isr_hardfault
                0x00000000100001c6                isr_svcall
                0x00000000100001c8                isr_pendsv
                0x00000000100001ca                isr_systick
                0x00000000100001cc                isr_irq30
                0x00000000100001cc                __unhandled_user_irq
                0x00000000100001cc                isr_irq13
                0x00000000100001cc                isr_irq27
                0x00000000100001cc                isr_irq31
                0x00000000100001cc                isr_irq5
                0x00000000100001cc                isr_irq11
                0x00000000100001cc                isr_irq23
                0x00000000100001cc                isr_irq18
                0x00000000100001cc                isr_irq28
                0x00000000100001cc                isr_irq19
                0x00000000100001cc                isr_irq0
                0x00000000100001cc                isr_irq6
                0x00000000100001cc                isr_irq22
                0x00000000100001cc                isr_irq17
                0x00000000100001cc                isr_irq14
                0x00000000100001cc                isr_irq2
                0x00000000100001cc                isr_irq10
                0x00000000100001cc                isr_irq8
                0x00000000100001cc                isr_irq24
                0x00000000100001cc                isr_irq1
                0x00000000100001cc                isr_irq7
                0x00000000100001cc                isr_irq21
                0x00000000100001cc                isr_irq20
                0x00000000100001cc                isr_irq15
                0x00000000100001cc                isr_irq25
                0x00000000100001cc                isr_irq4
                0x00000000100001cc                isr_irq16
                0x00000000100001cc                isr_irq29
                0x00000000100001cc                isr_irq26
                0x00000000100001cc                isr_irq3
                0x00000000100001cc                isr_irq12
                0x00000000100001cc                isr_irq9
                0x00000000100001d2                unhandled_user_irq_num_in_r0
 *(.binary_info_header)
 .binary_info_header
                0x00000000100001d4       0x14 CMakeFiles/pico_arm.dir/home/ubuntu/pico-sdk/src/rp2_common/pico_standard_link/crt0.S.obj
                0x00000000100001e8                __binary_info_header_end = .
 *(.reset)
 .reset         0x00000000100001e8       0xa8 CMakeFiles/pico_arm.dir/home/ubuntu/pico-sdk/src/rp2_common/pico_standard_link/crt0.S.obj
                0x00000000100001e8                _entry_point
                0x0000000010000266                __get_current_exception
 .reset         0x0000000010000290       0x30 CMakeFiles/pico_arm.dir/home/ubuntu/pico-sdk/src/rp2_common/pico_standard_link/binary_info.c.obj
 *(.init)
 .init          0x00000000100002c0        0x4 /usr/lib/gcc/arm-none-eabi/9.2.1/thumb/v6-m/nofp/crti.o
                0x00000000100002c0                _init
 *(EXCLUDE_FILE(*libm.a: *libc.a:*lib_a-mem*.o *libgcc.a:) .text*)
 .text          0x00000000100002c4       0x98 /usr/lib/gcc/arm-none-eabi/9.2.1/thumb/v6-m/nofp/crtbegin.o
 .text.on_uart_rx
                0x000000001000035c      0x188 CMakeFiles/pico_arm.dir/pico_arm.c.obj
                0x000000001000035c                on_uart_rx
 .text.calculate_target_position
                0x00000000100004e4      0x178 CMakeFiles/pico_arm.dir/pico_arm.c.obj
                0x00000000100004e4                calculate_target_position
 .text.repeating_timer_callback
                0x000000001000065c      0x1e0 CMakeFiles/pico_arm.dir/pico_arm.c.obj
                0x000000001000065c                repeating_timer_callback
 .text.startup.main
                0x000000001000083c       0x94 CMakeFiles/pico_arm.dir/pico_arm.c.obj
                0x000000001000083c                main
 .text.stepper_driver_init
                0x00000000100008d0       0x20 CMakeFiles/pico_arm.dir/stepper/stepper.c.obj
                0x00000000100008d0                stepper_driver_init
 .text.stepper_0_init
                0x00000000100008f0       0x90 CMakeFiles/pico_arm.dir/stepper/stepper.c.obj
                0x00000000100008f0                stepper_0_init
 .text.stepper_move
                0x0000000010000980       0x90 CMakeFiles/pico_arm.dir/stepper/stepper.c.obj
                0x0000000010000980                stepper_move
 .text.move     0x0000000010000a10       0x58 CMakeFiles/pico_arm.dir/stepper/stepper.c.obj
                0x0000000010000a10                move
 .text.stop     0x0000000010000a68       0x14 CMakeFiles/pico_arm.dir/stepper/stepper.c.obj
                0x0000000010000a68                stop
 .text.as5048a_read16.constprop.0
                0x0000000010000a7c       0x9c CMakeFiles/pico_arm.dir/as5048a/as5048a.c.obj
 .text.as5048a_init_device
                0x0000000010000b18       0x90 CMakeFiles/pico_arm.dir/as5048a/as5048a.c.obj
                0x0000000010000b18                as5048a_init_device
 .text.as5048a_get_simple_avr_raw_rotation
                0x0000000010000ba8       0x28 CMakeFiles/pico_arm.dir/as5048a/as5048a.c.obj
                0x0000000010000ba8                as5048a_get_simple_avr_raw_rotation
 .text.servo_driver_init
                0x0000000010000bd0       0x20 CMakeFiles/pico_arm.dir/servo/servo.c.obj
                0x0000000010000bd0                servo_driver_init
 .text.servo_0_init
                0x0000000010000bf0       0x74 CMakeFiles/pico_arm.dir/servo/servo.c.obj
                0x0000000010000bf0                servo_0_init
 .text.servo_1_init
                0x0000000010000c64       0x74 CMakeFiles/pico_arm.dir/servo/servo.c.obj
                0x0000000010000c64                servo_1_init
 .text.servo_attach
                0x0000000010000cd8       0x6c CMakeFiles/pico_arm.dir/servo/servo.c.obj
                0x0000000010000cd8                servo_attach
 .text.servo_write_microseconds
                0x0000000010000d44       0x3c CMakeFiles/pico_arm.dir/servo/servo.c.obj
                0x0000000010000d44                servo_write_microseconds
 .text.gpio_set_function
                0x0000000010000d80       0x30 CMakeFiles/pico_arm.dir/home/ubuntu/pico-sdk/src/rp2_common/hardware_gpio/gpio.c.obj
                0x0000000010000d80                gpio_set_function
 .text.gpio_init
                0x0000000010000db0       0x3c CMakeFiles/pico_arm.dir/home/ubuntu/pico-sdk/src/rp2_common/hardware_gpio/gpio.c.obj
                0x0000000010000db0                gpio_init
 .text.hw_claim_lock
                0x0000000010000dec       0x18 CMakeFiles/pico_arm.dir/home/ubuntu/pico-sdk/src/rp2_common/hardware_claim/claim.c.obj
                0x0000000010000dec                hw_claim_lock
 .text.hw_claim_unlock
                0x0000000010000e04       0x14 CMakeFiles/pico_arm.dir/home/ubuntu/pico-sdk/src/rp2_common/hardware_claim/claim.c.obj
                0x0000000010000e04                hw_claim_unlock
 .text.hw_claim_or_assert
                0x0000000010000e18       0x60 CMakeFiles/pico_arm.dir/home/ubuntu/pico-sdk/src/rp2_common/hardware_claim/claim.c.obj
                0x0000000010000e18                hw_claim_or_assert
 .text.hw_claim_unused_from_range
                0x0000000010000e78       0x9c CMakeFiles/pico_arm.dir/home/ubuntu/pico-sdk/src/rp2_common/hardware_claim/claim.c.obj
                0x0000000010000e78                hw_claim_unused_from_range
 .text.spin_locks_reset
                0x0000000010000f14       0x1c CMakeFiles/pico_arm.dir/home/ubuntu/pico-sdk/src/rp2_common/hardware_sync/sync.c.obj
                0x0000000010000f14                spin_locks_reset
 .text.next_striped_spin_lock_num
                0x0000000010000f30       0x18 CMakeFiles/pico_arm.dir/home/ubuntu/pico-sdk/src/rp2_common/hardware_sync/sync.c.obj
                0x0000000010000f30                next_striped_spin_lock_num
 .text.spin_lock_claim_unused
                0x0000000010000f48       0x20 CMakeFiles/pico_arm.dir/home/ubuntu/pico-sdk/src/rp2_common/hardware_sync/sync.c.obj
                0x0000000010000f48                spin_lock_claim_unused
 .text.running_on_fpga
                0x0000000010000f68       0x10 CMakeFiles/pico_arm.dir/home/ubuntu/pico-sdk/src/rp2_common/pico_platform/platform.c.obj
                0x0000000010000f68                running_on_fpga
 .text.uart_init
                0x0000000010000f78       0xe4 CMakeFiles/pico_arm.dir/home/ubuntu/pico-sdk/src/rp2_common/hardware_uart/uart.c.obj
                0x0000000010000f78                uart_init
 .text.timer_pool_entry_comparator
                0x000000001000105c       0x34 CMakeFiles/pico_arm.dir/home/ubuntu/pico-sdk/src/common/pico_time/time.c.obj
                0x000000001000105c                timer_pool_entry_comparator
 .text.repeating_timer_callback
                0x0000000010001090       0x1c CMakeFiles/pico_arm.dir/home/ubuntu/pico-sdk/src/common/pico_time/time.c.obj
 .text.sev_callback
                0x00000000100010ac        0x8 CMakeFiles/pico_arm.dir/home/ubuntu/pico-sdk/src/common/pico_time/time.c.obj
 .text.add_alarm_under_lock
                0x00000000100010b4      0x108 CMakeFiles/pico_arm.dir/home/ubuntu/pico-sdk/src/common/pico_time/time.c.obj
 .text.alarm_pool_alarm_callback
                0x00000000100011bc      0x1b0 CMakeFiles/pico_arm.dir/home/ubuntu/pico-sdk/src/common/pico_time/time.c.obj
 .text.alarm_pool_init_default
                0x000000001000136c       0x58 CMakeFiles/pico_arm.dir/home/ubuntu/pico-sdk/src/common/pico_time/time.c.obj
                0x000000001000136c                alarm_pool_init_default
 .text.alarm_pool_get_default
                0x00000000100013c4        0x8 CMakeFiles/pico_arm.dir/home/ubuntu/pico-sdk/src/common/pico_time/time.c.obj
                0x00000000100013c4                alarm_pool_get_default
 .text.alarm_pool_add_alarm_at
                0x00000000100013cc      0x1a4 CMakeFiles/pico_arm.dir/home/ubuntu/pico-sdk/src/common/pico_time/time.c.obj
                0x00000000100013cc                alarm_pool_add_alarm_at
 .text.alarm_pool_cancel_alarm
                0x0000000010001570       0x70 CMakeFiles/pico_arm.dir/home/ubuntu/pico-sdk/src/common/pico_time/time.c.obj
                0x0000000010001570                alarm_pool_cancel_alarm
 .text.alarm_pool_add_repeating_timer_us
                0x00000000100015e0      0x218 CMakeFiles/pico_arm.dir/home/ubuntu/pico-sdk/src/common/pico_time/time.c.obj
                0x00000000100015e0                alarm_pool_add_repeating_timer_us
 .text.best_effort_wfe_or_timeout
                0x00000000100017f8      0x174 CMakeFiles/pico_arm.dir/home/ubuntu/pico-sdk/src/common/pico_time/time.c.obj
                0x00000000100017f8                best_effort_wfe_or_timeout
 .text.hardware_alarm_irq_handler
                0x000000001000196c       0xb8 CMakeFiles/pico_arm.dir/home/ubuntu/pico-sdk/src/rp2_common/hardware_timer/timer.c.obj
 .text.hardware_alarm_claim
                0x0000000010001a24       0x18 CMakeFiles/pico_arm.dir/home/ubuntu/pico-sdk/src/rp2_common/hardware_timer/timer.c.obj
                0x0000000010001a24                hardware_alarm_claim
 .text.time_us_64
                0x0000000010001a3c       0x14 CMakeFiles/pico_arm.dir/home/ubuntu/pico-sdk/src/rp2_common/hardware_timer/timer.c.obj
                0x0000000010001a3c                time_us_64
 .text.hardware_alarm_set_callback
                0x0000000010001a50       0x8c CMakeFiles/pico_arm.dir/home/ubuntu/pico-sdk/src/rp2_common/hardware_timer/timer.c.obj
                0x0000000010001a50                hardware_alarm_set_callback
 .text.hardware_alarm_set_target
                0x0000000010001adc       0xdc CMakeFiles/pico_arm.dir/home/ubuntu/pico-sdk/src/rp2_common/hardware_timer/timer.c.obj
                0x0000000010001adc                hardware_alarm_set_target
 .text.hardware_alarm_cancel
                0x0000000010001bb8       0x40 CMakeFiles/pico_arm.dir/home/ubuntu/pico-sdk/src/rp2_common/hardware_timer/timer.c.obj
                0x0000000010001bb8                hardware_alarm_cancel
 .text.lock_init
                0x0000000010001bf8       0x10 CMakeFiles/pico_arm.dir/home/ubuntu/pico-sdk/src/common/pico_sync/lock_core.c.obj
                0x0000000010001bf8                lock_init
 .text.mutex_init
                0x0000000010001c08       0x1c CMakeFiles/pico_arm.dir/home/ubuntu/pico-sdk/src/common/pico_sync/mutex.c.obj
                0x0000000010001c08                mutex_init
 .text.critical_section_init
                0x0000000010001c24       0x18 CMakeFiles/pico_arm.dir/home/ubuntu/pico-sdk/src/common/pico_sync/critical_section.c.obj
                0x0000000010001c24                critical_section_init
 .text.ph_merge_nodes
                0x0000000010001c3c       0x68 CMakeFiles/pico_arm.dir/home/ubuntu/pico-sdk/src/common/pico_util/pheap.c.obj
 .text.ph_post_alloc_init
                0x0000000010001ca4       0x3c CMakeFiles/pico_arm.dir/home/ubuntu/pico-sdk/src/common/pico_util/pheap.c.obj
                0x0000000010001ca4                ph_post_alloc_init
 .text.ph_merge_two_pass
                0x0000000010001ce0       0x90 CMakeFiles/pico_arm.dir/home/ubuntu/pico-sdk/src/common/pico_util/pheap.c.obj
                0x0000000010001ce0                ph_merge_two_pass
 .text.ph_remove_any_head
                0x0000000010001d70       0xf8 CMakeFiles/pico_arm.dir/home/ubuntu/pico-sdk/src/common/pico_util/pheap.c.obj
 .text.ph_remove_head
                0x0000000010001e68      0x13c CMakeFiles/pico_arm.dir/home/ubuntu/pico-sdk/src/common/pico_util/pheap.c.obj
                0x0000000010001e68                ph_remove_head
 .text.ph_remove_and_free_node
                0x0000000010001fa4       0x7c CMakeFiles/pico_arm.dir/home/ubuntu/pico-sdk/src/common/pico_util/pheap.c.obj
                0x0000000010001fa4                ph_remove_and_free_node
 .text.runtime_init
                0x0000000010002020       0xec CMakeFiles/pico_arm.dir/home/ubuntu/pico-sdk/src/rp2_common/pico_runtime/runtime.c.obj
                0x0000000010002020                runtime_init
 .text.exit     0x000000001000210c        0x4 CMakeFiles/pico_arm.dir/home/ubuntu/pico-sdk/src/rp2_common/pico_runtime/runtime.c.obj
                0x000000001000210c                exit
 .text.panic    0x0000000010002110       0x30 CMakeFiles/pico_arm.dir/home/ubuntu/pico-sdk/src/rp2_common/pico_runtime/runtime.c.obj
                0x0000000010002110                panic
 .text.hard_assertion_failure
                0x0000000010002140        0xc CMakeFiles/pico_arm.dir/home/ubuntu/pico-sdk/src/rp2_common/pico_runtime/runtime.c.obj
                0x0000000010002140                hard_assertion_failure
 .text.clocks_init
                0x000000001000214c      0x2e0 CMakeFiles/pico_arm.dir/home/ubuntu/pico-sdk/src/rp2_common/hardware_clocks/clocks.c.obj
                0x000000001000214c                clocks_init
 .text.clock_get_hz
                0x000000001000242c        0xc CMakeFiles/pico_arm.dir/home/ubuntu/pico-sdk/src/rp2_common/hardware_clocks/clocks.c.obj
                0x000000001000242c                clock_get_hz
 .text.watchdog_start_tick
                0x0000000010002438       0x10 CMakeFiles/pico_arm.dir/home/ubuntu/pico-sdk/src/rp2_common/hardware_watchdog/watchdog.c.obj
                0x0000000010002438                watchdog_start_tick
 .text.watchdog_reboot
                0x0000000010002448       0x98 CMakeFiles/pico_arm.dir/home/ubuntu/pico-sdk/src/rp2_common/hardware_watchdog/watchdog.c.obj
                0x0000000010002448                watchdog_reboot
 .text.xosc_init
                0x00000000100024e0       0x28 CMakeFiles/pico_arm.dir/home/ubuntu/pico-sdk/src/rp2_common/hardware_xosc/xosc.c.obj
                0x00000000100024e0                xosc_init
 .text.pll_init
                0x0000000010002508       0x54 CMakeFiles/pico_arm.dir/home/ubuntu/pico-sdk/src/rp2_common/hardware_pll/pll.c.obj
                0x0000000010002508                pll_init
 .text.irq_set_enabled
                0x000000001000255c       0x24 CMakeFiles/pico_arm.dir/home/ubuntu/pico-sdk/src/rp2_common/hardware_irq/irq.c.obj
                0x000000001000255c                irq_set_enabled
 .text.irq_set_pending
                0x0000000010002580       0x10 CMakeFiles/pico_arm.dir/home/ubuntu/pico-sdk/src/rp2_common/hardware_irq/irq.c.obj
                0x0000000010002580                irq_set_pending
 .text.irq_get_vtable_handler
                0x0000000010002590       0x10 CMakeFiles/pico_arm.dir/home/ubuntu/pico-sdk/src/rp2_common/hardware_irq/irq.c.obj
                0x0000000010002590                irq_get_vtable_handler
 .text.irq_set_exclusive_handler
                0x00000000100025a0       0x54 CMakeFiles/pico_arm.dir/home/ubuntu/pico-sdk/src/rp2_common/hardware_irq/irq.c.obj
                0x00000000100025a0                irq_set_exclusive_handler
 .text.irq_remove_handler
                0x00000000100025f4      0x1b8 CMakeFiles/pico_arm.dir/home/ubuntu/pico-sdk/src/rp2_common/hardware_irq/irq.c.obj
                0x00000000100025f4                irq_remove_handler
 .text.irq_add_tail_to_free_list
                0x00000000100027ac       0xb8 CMakeFiles/pico_arm.dir/home/ubuntu/pico-sdk/src/rp2_common/hardware_irq/irq.c.obj
                0x00000000100027ac                irq_add_tail_to_free_list
 .text.irq_init_priorities
                0x0000000010002864       0x38 CMakeFiles/pico_arm.dir/home/ubuntu/pico-sdk/src/rp2_common/hardware_irq/irq.c.obj
                0x0000000010002864                irq_init_priorities
 .text._out_null
                0x000000001000289c        0x4 CMakeFiles/pico_arm.dir/home/ubuntu/pico-sdk/src/rp2_common/pico_printf/printf.c.obj
 .text._out_rev
                0x00000000100028a0       0xd0 CMakeFiles/pico_arm.dir/home/ubuntu/pico-sdk/src/rp2_common/pico_printf/printf.c.obj
 .text._ntoa_format
                0x0000000010002970      0x1d0 CMakeFiles/pico_arm.dir/home/ubuntu/pico-sdk/src/rp2_common/pico_printf/printf.c.obj
 .text._out_char
                0x0000000010002b40       0x10 CMakeFiles/pico_arm.dir/home/ubuntu/pico-sdk/src/rp2_common/pico_printf/printf.c.obj
 .text._out_fct
                0x0000000010002b50       0x10 CMakeFiles/pico_arm.dir/home/ubuntu/pico-sdk/src/rp2_common/pico_printf/printf.c.obj
 .text._etoa    0x0000000010002b60      0x478 CMakeFiles/pico_arm.dir/home/ubuntu/pico-sdk/src/rp2_common/pico_printf/printf.c.obj
 .text._ftoa    0x0000000010002fd8      0x3e0 CMakeFiles/pico_arm.dir/home/ubuntu/pico-sdk/src/rp2_common/pico_printf/printf.c.obj
 .text._vsnprintf
                0x00000000100033b8      0xb08 CMakeFiles/pico_arm.dir/home/ubuntu/pico-sdk/src/rp2_common/pico_printf/printf.c.obj
 .text.vfctprintf
                0x0000000010003ec0       0x20 CMakeFiles/pico_arm.dir/home/ubuntu/pico-sdk/src/rp2_common/pico_printf/printf.c.obj
                0x0000000010003ec0                vfctprintf
 .text.weak_raw_vprintf
                0x0000000010003ee0       0x30 CMakeFiles/pico_arm.dir/home/ubuntu/pico-sdk/src/rp2_common/pico_printf/printf.c.obj
                0x0000000010003ee0                weak_raw_vprintf
 .text          0x0000000010003f10       0x10 CMakeFiles/pico_arm.dir/home/ubuntu/pico-sdk/src/rp2_common/pico_bit_ops/bit_ops_aeabi.S.obj
 .text.rom_func_lookup
                0x0000000010003f20       0x10 CMakeFiles/pico_arm.dir/home/ubuntu/pico-sdk/src/rp2_common/pico_bootrom/bootrom.c.obj
                0x0000000010003f20                rom_func_lookup
 .text.rom_data_lookup
                0x0000000010003f30       0x10 CMakeFiles/pico_arm.dir/home/ubuntu/pico-sdk/src/rp2_common/pico_bootrom/bootrom.c.obj
                0x0000000010003f30                rom_data_lookup
 .text.rom_funcs_lookup
                0x0000000010003f40       0x3c CMakeFiles/pico_arm.dir/home/ubuntu/pico-sdk/src/rp2_common/pico_bootrom/bootrom.c.obj
                0x0000000010003f40                rom_funcs_lookup
 .text.__wrap___aeabi_idiv
                0x0000000010003f7c       0x58 CMakeFiles/pico_arm.dir/home/ubuntu/pico-sdk/src/rp2_common/pico_divider/divider.S.obj
                0x0000000010003f7c                __wrap___aeabi_idivmod
                0x0000000010003f7c                divmod_s32s32
                0x0000000010003f7c                div_s32s32
                0x0000000010003f7c                __wrap___aeabi_idiv
                0x0000000010003f84                divmod_s32s32_unsafe
                0x0000000010003fb0                divmod_s32s32_savestate
 .text.__wrap___aeabi_uidiv
                0x0000000010003fd4       0x54 CMakeFiles/pico_arm.dir/home/ubuntu/pico-sdk/src/rp2_common/pico_divider/divider.S.obj
                0x0000000010003fd4                __wrap___aeabi_uidiv
                0x0000000010003fd4                __wrap___aeabi_uidivmod
                0x0000000010003fd4                div_u32u32
                0x0000000010003fd4                divmod_u32u32
                0x0000000010003fdc                divmod_u32u32_unsafe
                0x0000000010004004                divmod_u32u32_savestate
 .text.__wrap___aeabi_ldiv
                0x0000000010004028      0x430 CMakeFiles/pico_arm.dir/home/ubuntu/pico-sdk/src/rp2_common/pico_divider/divider.S.obj
                0x0000000010004028                div_s64s64
                0x0000000010004028                divmod_s64s64
                0x0000000010004028                __wrap___aeabi_ldivmod
                0x0000000010004060                div_u64u64
                0x0000000010004060                divmod_u64u64
                0x0000000010004060                __wrap___aeabi_uldivmod
                0x0000000010004070                divmod_u64u64_savestate
                0x0000000010004098                divmod_s64s64_unsafe
                0x0000000010004120                divmod_u64u64_unsafe
 .text.__wrap___aeabi_darithmetic
                0x0000000010004458       0x54 CMakeFiles/pico_arm.dir/home/ubuntu/pico-sdk/src/rp2_common/pico_double/double_aeabi.S.obj
                0x0000000010004458                __wrap___aeabi_drsub
                0x000000001000445e                __wrap___aeabi_dsub
                0x0000000010004470                __wrap___aeabi_dadd
                0x0000000010004482                __wrap___aeabi_ddiv
                0x0000000010004494                __wrap___aeabi_dmul
 .text.__wrap___aeabi_cdcmple
                0x00000000100044ac       0x6c CMakeFiles/pico_arm.dir/home/ubuntu/pico-sdk/src/rp2_common/pico_double/double_aeabi.S.obj
                0x00000000100044ac                __wrap___aeabi_cdrcmple
                0x00000000100044bc                __wrap___aeabi_cdcmple
                0x00000000100044bc                __wrap___aeabi_cdcmpeq
 .text.__wrap___aeabi_dcmplt
                0x0000000010004518        0xc CMakeFiles/pico_arm.dir/home/ubuntu/pico-sdk/src/rp2_common/pico_double/double_aeabi.S.obj
                0x0000000010004518                __wrap___aeabi_dcmplt
 .text.__wrap___aeabi_dcmple
                0x0000000010004524       0x10 CMakeFiles/pico_arm.dir/home/ubuntu/pico-sdk/src/rp2_common/pico_double/double_aeabi.S.obj
                0x0000000010004524                __wrap___aeabi_dcmple
 .text.__wrap___aeabi_dcmpge
                0x0000000010004534       0x10 CMakeFiles/pico_arm.dir/home/ubuntu/pico-sdk/src/rp2_common/pico_double/double_aeabi.S.obj
                0x0000000010004534                __wrap___aeabi_dcmpge
 .text.__wrap___aeabi_dcmpgt
                0x0000000010004544        0xa CMakeFiles/pico_arm.dir/home/ubuntu/pico-sdk/src/rp2_common/pico_double/double_aeabi.S.obj
                0x0000000010004544                __wrap___aeabi_dcmpgt
 .text.__wrap___aeabi_dcmpun
                0x000000001000454e       0x1c CMakeFiles/pico_arm.dir/home/ubuntu/pico-sdk/src/rp2_common/pico_double/double_aeabi.S.obj
                0x000000001000454e                __wrap___aeabi_dcmpun
 *fill*         0x000000001000456a        0x2 
 .text.__wrap___aeabi_i2d
                0x000000001000456c       0x38 CMakeFiles/pico_arm.dir/home/ubuntu/pico-sdk/src/rp2_common/pico_double/double_aeabi.S.obj
                0x000000001000456c                __wrap___aeabi_ui2d
                0x0000000010004574                __wrap___aeabi_i2d
 .text.__wrap___aeabi_d2iz
                0x00000000100045a4       0x48 CMakeFiles/pico_arm.dir/home/ubuntu/pico-sdk/src/rp2_common/pico_double/double_aeabi.S.obj
                0x00000000100045a4                __wrap___aeabi_d2iz
                0x00000000100045a4                double2int_z
 .text.__wrap___aeabi_d2uiz
                0x00000000100045ec       0x18 CMakeFiles/pico_arm.dir/home/ubuntu/pico-sdk/src/rp2_common/pico_double/double_aeabi.S.obj
                0x00000000100045ec                double2uint
                0x00000000100045ec                __wrap___aeabi_d2uiz
 .text.__aeabi_double_init
                0x0000000010004604       0xac CMakeFiles/pico_arm.dir/home/ubuntu/pico-sdk/src/rp2_common/pico_double/double_init_rom.c.obj
                0x0000000010004604                __aeabi_double_init
 .text.__wrap_round
                0x00000000100046b0       0xa4 CMakeFiles/pico_arm.dir/home/ubuntu/pico-sdk/src/rp2_common/pico_double/double_math.c.obj
                0x00000000100046b0                __wrap_round
 .text.double_table_shim_on_use_helper
                0x0000000010004754       0x2c CMakeFiles/pico_arm.dir/home/ubuntu/pico-sdk/src/rp2_common/pico_double/double_v1_rom_shim.S.obj
                0x0000000010004754                double_table_shim_on_use_helper
 .text.__wrap___aeabi_dsub
                0x0000000010004780       0x10 CMakeFiles/pico_arm.dir/home/ubuntu/pico-sdk/src/rp2_common/pico_double/double_v1_rom_shim.S.obj
                0x0000000010004780                drsub_shim
                0x0000000010004786                dsub_shim
 .text.dadd_shim
                0x0000000010004790      0x15c CMakeFiles/pico_arm.dir/home/ubuntu/pico-sdk/src/rp2_common/pico_double/double_v1_rom_shim.S.obj
                0x0000000010004790                dadd_shim
 .text.dmul_shim
                0x00000000100048ec      0x15c CMakeFiles/pico_arm.dir/home/ubuntu/pico-sdk/src/rp2_common/pico_double/double_v1_rom_shim.S.obj
                0x00000000100048ec                dmul_shim
 .text.ddiv_shim
                0x0000000010004a48      0x1b0 CMakeFiles/pico_arm.dir/home/ubuntu/pico-sdk/src/rp2_common/pico_double/double_v1_rom_shim.S.obj
                0x0000000010004a48                ddiv_shim
 .text.dcordic_rot_step
                0x0000000010004bf8       0x7c CMakeFiles/pico_arm.dir/home/ubuntu/pico-sdk/src/rp2_common/pico_double/double_v1_rom_shim.S.obj
                0x0000000010004bf8                dcordic_rot_step
 .text.double2uint_shim
                0x0000000010004c74        0xe CMakeFiles/pico_arm.dir/home/ubuntu/pico-sdk/src/rp2_common/pico_double/double_v1_rom_shim.S.obj
                0x0000000010004c74                double2uint_shim
                0x0000000010004c76                double2ufix_shim
 *fill*         0x0000000010004c82        0x2 
 .text.double2uint64_shim
                0x0000000010004c84       0x6c CMakeFiles/pico_arm.dir/home/ubuntu/pico-sdk/src/rp2_common/pico_double/double_v1_rom_shim.S.obj
                0x0000000010004c84                double2uint64_shim
                0x0000000010004c86                double2ufix64_shim
                0x0000000010004ca0                d2fix_a
 .text.dunpacks
                0x0000000010004cf0       0x3c CMakeFiles/pico_arm.dir/home/ubuntu/pico-sdk/src/rp2_common/pico_double/double_v1_rom_shim.S.obj
                0x0000000010004cf0                dunpacks
 .text.__aeabi_lmul
                0x0000000010004d2c       0x32 CMakeFiles/pico_arm.dir/home/ubuntu/pico-sdk/src/rp2_common/pico_int64_ops/pico_int64_ops_aeabi.S.obj
                0x0000000010004d2c                __wrap___aeabi_lmul
 *fill*         0x0000000010004d5e        0x2 
 .text.__wrap___aeabi_f2d
                0x0000000010004d60       0x14 CMakeFiles/pico_arm.dir/home/ubuntu/pico-sdk/src/rp2_common/pico_float/float_aeabi.S.obj
                0x0000000010004d60                __wrap___aeabi_f2d
 .text.__aeabi_float_init
                0x0000000010004d74       0x64 CMakeFiles/pico_arm.dir/home/ubuntu/pico-sdk/src/rp2_common/pico_float/float_init_rom.c.obj
                0x0000000010004d74                __aeabi_float_init
 .text.float_table_shim_on_use_helper
                0x0000000010004dd8       0x2c CMakeFiles/pico_arm.dir/home/ubuntu/pico-sdk/src/rp2_common/pico_float/float_v1_rom_shim.S.obj
                0x0000000010004dd8                float_table_shim_on_use_helper
 .text.float2double_shim
                0x0000000010004e04       0x30 CMakeFiles/pico_arm.dir/home/ubuntu/pico-sdk/src/rp2_common/pico_float/float_v1_rom_shim.S.obj
                0x0000000010004e04                float2double_shim
 .text          0x0000000010004e34       0x10 CMakeFiles/pico_arm.dir/home/ubuntu/pico-sdk/src/rp2_common/pico_mem_ops/mem_ops_aeabi.S.obj
                0x0000000010004e34                __aeabi_mem_init
 .text.memset   0x0000000010004e44        0xc CMakeFiles/pico_arm.dir/home/ubuntu/pico-sdk/src/rp2_common/pico_mem_ops/mem_ops_aeabi.S.obj
                0x0000000010004e44                __wrap_memset
 .text.memcpy   0x0000000010004e50        0xc CMakeFiles/pico_arm.dir/home/ubuntu/pico-sdk/src/rp2_common/pico_mem_ops/mem_ops_aeabi.S.obj
                0x0000000010004e50                __wrap___aeabi_memcpy
                0x0000000010004e50                __wrap_memcpy
 .text.stdio_out_chars_crlf.part.0
                0x0000000010004e5c       0x84 CMakeFiles/pico_arm.dir/home/ubuntu/pico-sdk/src/rp2_common/pico_stdio/stdio.c.obj
 .text.stdio_buffered_printer
                0x0000000010004ee0       0x78 CMakeFiles/pico_arm.dir/home/ubuntu/pico-sdk/src/rp2_common/pico_stdio/stdio.c.obj
 .text.stdio_put_string
                0x0000000010004f58      0x100 CMakeFiles/pico_arm.dir/home/ubuntu/pico-sdk/src/rp2_common/pico_stdio/stdio.c.obj
 .text.__wrap_putchar
                0x0000000010005058       0x1c CMakeFiles/pico_arm.dir/home/ubuntu/pico-sdk/src/rp2_common/pico_stdio/stdio.c.obj
                0x0000000010005058                __wrap_putchar
 .text.__wrap_puts
                0x0000000010005074       0x3c CMakeFiles/pico_arm.dir/home/ubuntu/pico-sdk/src/rp2_common/pico_stdio/stdio.c.obj
                0x0000000010005074                __wrap_puts
 .text.stdio_set_driver_enabled
                0x00000000100050b0       0x3c CMakeFiles/pico_arm.dir/home/ubuntu/pico-sdk/src/rp2_common/pico_stdio/stdio.c.obj
                0x00000000100050b0                stdio_set_driver_enabled
 .text.__wrap_vprintf
                0x00000000100050ec       0xe8 CMakeFiles/pico_arm.dir/home/ubuntu/pico-sdk/src/rp2_common/pico_stdio/stdio.c.obj
                0x00000000100050ec                __wrap_vprintf
 .text.__wrap_printf
                0x00000000100051d4       0x18 CMakeFiles/pico_arm.dir/home/ubuntu/pico-sdk/src/rp2_common/pico_stdio/stdio.c.obj
                0x00000000100051d4                __wrap_printf
 .text.stdio_init_all
                0x00000000100051ec        0x8 CMakeFiles/pico_arm.dir/home/ubuntu/pico-sdk/src/rp2_common/pico_stdio/stdio.c.obj
                0x00000000100051ec                stdio_init_all
 .text.resetd_init
                0x00000000100051f4        0x4 CMakeFiles/pico_arm.dir/home/ubuntu/pico-sdk/src/rp2_common/pico_stdio_usb/reset_interface.c.obj
 .text.resetd_reset
                0x00000000100051f8        0xc CMakeFiles/pico_arm.dir/home/ubuntu/pico-sdk/src/rp2_common/pico_stdio_usb/reset_interface.c.obj
 .text.resetd_open
                0x0000000010005204       0x28 CMakeFiles/pico_arm.dir/home/ubuntu/pico-sdk/src/rp2_common/pico_stdio_usb/reset_interface.c.obj
 .text.resetd_control_complete_cb
                0x000000001000522c        0x4 CMakeFiles/pico_arm.dir/home/ubuntu/pico-sdk/src/rp2_common/pico_stdio_usb/reset_interface.c.obj
 .text.resetd_xfer_cb
                0x0000000010005230        0x4 CMakeFiles/pico_arm.dir/home/ubuntu/pico-sdk/src/rp2_common/pico_stdio_usb/reset_interface.c.obj
 .text.resetd_control_request_cb
                0x0000000010005234       0x60 CMakeFiles/pico_arm.dir/home/ubuntu/pico-sdk/src/rp2_common/pico_stdio_usb/reset_interface.c.obj
 .text.usbd_app_driver_get_cb
                0x0000000010005294        0xc CMakeFiles/pico_arm.dir/home/ubuntu/pico-sdk/src/rp2_common/pico_stdio_usb/reset_interface.c.obj
                0x0000000010005294                usbd_app_driver_get_cb
 .text.tud_cdc_line_coding_cb
                0x00000000100052a0       0x34 CMakeFiles/pico_arm.dir/home/ubuntu/pico-sdk/src/rp2_common/pico_stdio_usb/reset_interface.c.obj
                0x00000000100052a0                tud_cdc_line_coding_cb
 .text.stdio_usb_in_chars
                0x00000000100052d4       0x68 CMakeFiles/pico_arm.dir/home/ubuntu/pico-sdk/src/rp2_common/pico_stdio_usb/stdio_usb.c.obj
                0x00000000100052d4                stdio_usb_in_chars
 .text.stdio_usb_out_chars
                0x000000001000533c       0xec CMakeFiles/pico_arm.dir/home/ubuntu/pico-sdk/src/rp2_common/pico_stdio_usb/stdio_usb.c.obj
 .text.timer_task
                0x0000000010005428       0x10 CMakeFiles/pico_arm.dir/home/ubuntu/pico-sdk/src/rp2_common/pico_stdio_usb/stdio_usb.c.obj
 .text.low_priority_worker_irq
                0x0000000010005438       0x24 CMakeFiles/pico_arm.dir/home/ubuntu/pico-sdk/src/rp2_common/pico_stdio_usb/stdio_usb.c.obj
 .text.stdio_usb_init
                0x000000001000545c       0x90 CMakeFiles/pico_arm.dir/home/ubuntu/pico-sdk/src/rp2_common/pico_stdio_usb/stdio_usb.c.obj
                0x000000001000545c                stdio_usb_init
 .text.tud_descriptor_device_cb
                0x00000000100054ec        0x8 CMakeFiles/pico_arm.dir/home/ubuntu/pico-sdk/src/rp2_common/pico_stdio_usb/stdio_usb_descriptors.c.obj
                0x00000000100054ec                tud_descriptor_device_cb
 .text.tud_descriptor_configuration_cb
                0x00000000100054f4        0x8 CMakeFiles/pico_arm.dir/home/ubuntu/pico-sdk/src/rp2_common/pico_stdio_usb/stdio_usb_descriptors.c.obj
                0x00000000100054f4                tud_descriptor_configuration_cb
 .text.tud_descriptor_string_cb
                0x00000000100054fc       0x5c CMakeFiles/pico_arm.dir/home/ubuntu/pico-sdk/src/rp2_common/pico_stdio_usb/stdio_usb_descriptors.c.obj
                0x00000000100054fc                tud_descriptor_string_cb
 .text.dcd_rp2040_irq
                0x0000000010005558      0x130 CMakeFiles/pico_arm.dir/home/ubuntu/pico-sdk/lib/tinyusb/src/portable/raspberrypi/rp2040/dcd_rp2040.c.obj
 .text.dcd_int_enable
                0x0000000010005688        0xc CMakeFiles/pico_arm.dir/home/ubuntu/pico-sdk/lib/tinyusb/src/portable/raspberrypi/rp2040/dcd_rp2040.c.obj
                0x0000000010005688                dcd_int_enable
 .text.dcd_set_address
                0x0000000010005694       0x30 CMakeFiles/pico_arm.dir/home/ubuntu/pico-sdk/lib/tinyusb/src/portable/raspberrypi/rp2040/dcd_rp2040.c.obj
                0x0000000010005694                dcd_set_address
 .text.dcd_connect
                0x00000000100056c4       0x10 CMakeFiles/pico_arm.dir/home/ubuntu/pico-sdk/lib/tinyusb/src/portable/raspberrypi/rp2040/dcd_rp2040.c.obj
                0x00000000100056c4                dcd_connect
 .text.dcd_init
                0x00000000100056d4       0xb0 CMakeFiles/pico_arm.dir/home/ubuntu/pico-sdk/lib/tinyusb/src/portable/raspberrypi/rp2040/dcd_rp2040.c.obj
                0x00000000100056d4                dcd_init
 .text.dcd_edpt0_status_complete
                0x0000000010005784       0x38 CMakeFiles/pico_arm.dir/home/ubuntu/pico-sdk/lib/tinyusb/src/portable/raspberrypi/rp2040/dcd_rp2040.c.obj
                0x0000000010005784                dcd_edpt0_status_complete
 .text.dcd_edpt_open
                0x00000000100057bc      0x148 CMakeFiles/pico_arm.dir/home/ubuntu/pico-sdk/lib/tinyusb/src/portable/raspberrypi/rp2040/dcd_rp2040.c.obj
                0x00000000100057bc                dcd_edpt_open
 .text.dcd_edpt_xfer
                0x0000000010005904       0x2c CMakeFiles/pico_arm.dir/home/ubuntu/pico-sdk/lib/tinyusb/src/portable/raspberrypi/rp2040/dcd_rp2040.c.obj
                0x0000000010005904                dcd_edpt_xfer
 .text.dcd_edpt_stall
                0x0000000010005930       0x50 CMakeFiles/pico_arm.dir/home/ubuntu/pico-sdk/lib/tinyusb/src/portable/raspberrypi/rp2040/dcd_rp2040.c.obj
                0x0000000010005930                dcd_edpt_stall
 .text.dcd_edpt_clear_stall
                0x0000000010005980       0x50 CMakeFiles/pico_arm.dir/home/ubuntu/pico-sdk/lib/tinyusb/src/portable/raspberrypi/rp2040/dcd_rp2040.c.obj
                0x0000000010005980                dcd_edpt_clear_stall
 .text.rp2040_usb_init
                0x00000000100059d0       0x50 CMakeFiles/pico_arm.dir/home/ubuntu/pico-sdk/lib/tinyusb/src/portable/raspberrypi/rp2040/rp2040_usb.c.obj
                0x00000000100059d0                rp2040_usb_init
 .text.hw_endpoint_reset_transfer
                0x0000000010005a20       0x14 CMakeFiles/pico_arm.dir/home/ubuntu/pico-sdk/lib/tinyusb/src/portable/raspberrypi/rp2040/rp2040_usb.c.obj
                0x0000000010005a20                hw_endpoint_reset_transfer
 .text._hw_endpoint_buffer_control_update32
                0x0000000010005a34       0x54 CMakeFiles/pico_arm.dir/home/ubuntu/pico-sdk/lib/tinyusb/src/portable/raspberrypi/rp2040/rp2040_usb.c.obj
                0x0000000010005a34                _hw_endpoint_buffer_control_update32
 .text._hw_endpoint_xfer_continue
                0x0000000010005a88      0x10c CMakeFiles/pico_arm.dir/home/ubuntu/pico-sdk/lib/tinyusb/src/portable/raspberrypi/rp2040/rp2040_usb.c.obj
                0x0000000010005a88                _hw_endpoint_xfer_continue
 .text._hw_endpoint_xfer
                0x0000000010005b94       0xc0 CMakeFiles/pico_arm.dir/home/ubuntu/pico-sdk/lib/tinyusb/src/portable/raspberrypi/rp2040/rp2040_usb.c.obj
                0x0000000010005b94                _hw_endpoint_xfer
 .text.tud_mounted
                0x0000000010005c54       0x10 CMakeFiles/pico_arm.dir/home/ubuntu/pico-sdk/lib/tinyusb/src/device/usbd.c.obj
                0x0000000010005c54                tud_mounted
 .text.tud_suspended
                0x0000000010005c64       0x10 CMakeFiles/pico_arm.dir/home/ubuntu/pico-sdk/lib/tinyusb/src/device/usbd.c.obj
                0x0000000010005c64                tud_suspended
 .text.tud_init
                0x0000000010005c74       0xb0 CMakeFiles/pico_arm.dir/home/ubuntu/pico-sdk/lib/tinyusb/src/device/usbd.c.obj
                0x0000000010005c74                tud_init
 .text.tud_task
                0x0000000010005d24      0x80c CMakeFiles/pico_arm.dir/home/ubuntu/pico-sdk/lib/tinyusb/src/device/usbd.c.obj
                0x0000000010005d24                tud_task
 .text.dcd_event_bus_signal
                0x0000000010006530       0xe0 CMakeFiles/pico_arm.dir/home/ubuntu/pico-sdk/lib/tinyusb/src/device/usbd.c.obj
                0x0000000010006530                dcd_event_bus_signal
 .text.dcd_event_setup_received
                0x0000000010006610       0x50 CMakeFiles/pico_arm.dir/home/ubuntu/pico-sdk/lib/tinyusb/src/device/usbd.c.obj
                0x0000000010006610                dcd_event_setup_received
 .text.dcd_event_xfer_complete
                0x0000000010006660       0x68 CMakeFiles/pico_arm.dir/home/ubuntu/pico-sdk/lib/tinyusb/src/device/usbd.c.obj
                0x0000000010006660                dcd_event_xfer_complete
 .text.usbd_open_edpt_pair
                0x00000000100066c8       0x68 CMakeFiles/pico_arm.dir/home/ubuntu/pico-sdk/lib/tinyusb/src/device/usbd.c.obj
                0x00000000100066c8                usbd_open_edpt_pair
 .text.usbd_edpt_open
                0x0000000010006730        0x8 CMakeFiles/pico_arm.dir/home/ubuntu/pico-sdk/lib/tinyusb/src/device/usbd.c.obj
                0x0000000010006730                usbd_edpt_open
 .text.usbd_edpt_claim
                0x0000000010006738       0x64 CMakeFiles/pico_arm.dir/home/ubuntu/pico-sdk/lib/tinyusb/src/device/usbd.c.obj
                0x0000000010006738                usbd_edpt_claim
 .text.usbd_edpt_release
                0x000000001000679c       0x4c CMakeFiles/pico_arm.dir/home/ubuntu/pico-sdk/lib/tinyusb/src/device/usbd.c.obj
                0x000000001000679c                usbd_edpt_release
 .text.usbd_edpt_xfer
                0x00000000100067e8       0x48 CMakeFiles/pico_arm.dir/home/ubuntu/pico-sdk/lib/tinyusb/src/device/usbd.c.obj
                0x00000000100067e8                usbd_edpt_xfer
 .text.tud_control_status
                0x0000000010006830       0x30 CMakeFiles/pico_arm.dir/home/ubuntu/pico-sdk/lib/tinyusb/src/device/usbd_control.c.obj
                0x0000000010006830                tud_control_status
 .text.tud_control_xfer
                0x0000000010006860       0xb8 CMakeFiles/pico_arm.dir/home/ubuntu/pico-sdk/lib/tinyusb/src/device/usbd_control.c.obj
                0x0000000010006860                tud_control_xfer
 .text.usbd_control_reset
                0x0000000010006918       0x14 CMakeFiles/pico_arm.dir/home/ubuntu/pico-sdk/lib/tinyusb/src/device/usbd_control.c.obj
                0x0000000010006918                usbd_control_reset
 .text.usbd_control_set_complete_callback
                0x000000001000692c        0xc CMakeFiles/pico_arm.dir/home/ubuntu/pico-sdk/lib/tinyusb/src/device/usbd_control.c.obj
                0x000000001000692c                usbd_control_set_complete_callback
 .text.usbd_control_set_request
                0x0000000010006938       0x1c CMakeFiles/pico_arm.dir/home/ubuntu/pico-sdk/lib/tinyusb/src/device/usbd_control.c.obj
                0x0000000010006938                usbd_control_set_request
 .text.usbd_control_xfer_cb
                0x0000000010006954       0xe8 CMakeFiles/pico_arm.dir/home/ubuntu/pico-sdk/lib/tinyusb/src/device/usbd_control.c.obj
                0x0000000010006954                usbd_control_xfer_cb
 .text.tud_cdc_n_connected
                0x0000000010006a3c       0x34 CMakeFiles/pico_arm.dir/home/ubuntu/pico-sdk/lib/tinyusb/src/class/cdc/cdc_device.c.obj
                0x0000000010006a3c                tud_cdc_n_connected
 .text.tud_cdc_n_available
                0x0000000010006a70       0x20 CMakeFiles/pico_arm.dir/home/ubuntu/pico-sdk/lib/tinyusb/src/class/cdc/cdc_device.c.obj
                0x0000000010006a70                tud_cdc_n_available
 .text.tud_cdc_n_read
                0x0000000010006a90       0x74 CMakeFiles/pico_arm.dir/home/ubuntu/pico-sdk/lib/tinyusb/src/class/cdc/cdc_device.c.obj
                0x0000000010006a90                tud_cdc_n_read
 .text.tud_cdc_n_write_flush
                0x0000000010006b04       0xa4 CMakeFiles/pico_arm.dir/home/ubuntu/pico-sdk/lib/tinyusb/src/class/cdc/cdc_device.c.obj
                0x0000000010006b04                tud_cdc_n_write_flush
 .text.tud_cdc_n_write
                0x0000000010006ba8       0x38 CMakeFiles/pico_arm.dir/home/ubuntu/pico-sdk/lib/tinyusb/src/class/cdc/cdc_device.c.obj
                0x0000000010006ba8                tud_cdc_n_write
 .text.tud_cdc_n_write_available
                0x0000000010006be0       0x20 CMakeFiles/pico_arm.dir/home/ubuntu/pico-sdk/lib/tinyusb/src/class/cdc/cdc_device.c.obj
                0x0000000010006be0                tud_cdc_n_write_available
 .text.cdcd_init
                0x0000000010006c00       0x78 CMakeFiles/pico_arm.dir/home/ubuntu/pico-sdk/lib/tinyusb/src/class/cdc/cdc_device.c.obj
                0x0000000010006c00                cdcd_init
 .text.cdcd_reset
                0x0000000010006c78       0x24 CMakeFiles/pico_arm.dir/home/ubuntu/pico-sdk/lib/tinyusb/src/class/cdc/cdc_device.c.obj
                0x0000000010006c78                cdcd_reset
 .text.cdcd_open
                0x0000000010006c9c       0xec CMakeFiles/pico_arm.dir/home/ubuntu/pico-sdk/lib/tinyusb/src/class/cdc/cdc_device.c.obj
                0x0000000010006c9c                cdcd_open
 .text.cdcd_control_complete
                0x0000000010006d88       0x44 CMakeFiles/pico_arm.dir/home/ubuntu/pico-sdk/lib/tinyusb/src/class/cdc/cdc_device.c.obj
                0x0000000010006d88                cdcd_control_complete
 .text.cdcd_control_request
                0x0000000010006dcc       0x68 CMakeFiles/pico_arm.dir/home/ubuntu/pico-sdk/lib/tinyusb/src/class/cdc/cdc_device.c.obj
                0x0000000010006dcc                cdcd_control_request
 .text.cdcd_xfer_cb
                0x0000000010006e34      0x1b4 CMakeFiles/pico_arm.dir/home/ubuntu/pico-sdk/lib/tinyusb/src/class/cdc/cdc_device.c.obj
                0x0000000010006e34                cdcd_xfer_cb
 .text.tusb_init
                0x0000000010006fe8       0x20 CMakeFiles/pico_arm.dir/home/ubuntu/pico-sdk/lib/tinyusb/src/tusb.c.obj
                0x0000000010006fe8                tusb_init
 .text.tusb_inited
                0x0000000010007008        0xc CMakeFiles/pico_arm.dir/home/ubuntu/pico-sdk/lib/tinyusb/src/tusb.c.obj
                0x0000000010007008                tusb_inited
 .text.tu_fifo_config
                0x0000000010007014       0x78 CMakeFiles/pico_arm.dir/home/ubuntu/pico-sdk/lib/tinyusb/src/common/tusb_fifo.c.obj
                0x0000000010007014                tu_fifo_config
 .text.tu_fifo_count
                0x000000001000708c       0x18 CMakeFiles/pico_arm.dir/home/ubuntu/pico-sdk/lib/tinyusb/src/common/tusb_fifo.c.obj
                0x000000001000708c                tu_fifo_count
 .text.tu_fifo_remaining
                0x00000000100070a4       0x1c CMakeFiles/pico_arm.dir/home/ubuntu/pico-sdk/lib/tinyusb/src/common/tusb_fifo.c.obj
                0x00000000100070a4                tu_fifo_remaining
 .text.tu_fifo_read
                0x00000000100070c0       0xa8 CMakeFiles/pico_arm.dir/home/ubuntu/pico-sdk/lib/tinyusb/src/common/tusb_fifo.c.obj
                0x00000000100070c0                tu_fifo_read
 .text.tu_fifo_read_n
                0x0000000010007168       0xf0 CMakeFiles/pico_arm.dir/home/ubuntu/pico-sdk/lib/tinyusb/src/common/tusb_fifo.c.obj
                0x0000000010007168                tu_fifo_read_n
 .text.tu_fifo_write
                0x0000000010007258       0x84 CMakeFiles/pico_arm.dir/home/ubuntu/pico-sdk/lib/tinyusb/src/common/tusb_fifo.c.obj
                0x0000000010007258                tu_fifo_write
 .text.tu_fifo_write_n
                0x00000000100072dc       0xfc CMakeFiles/pico_arm.dir/home/ubuntu/pico-sdk/lib/tinyusb/src/common/tusb_fifo.c.obj
                0x00000000100072dc                tu_fifo_write_n
 .text.tu_fifo_clear
                0x00000000100073d8       0x2c CMakeFiles/pico_arm.dir/home/ubuntu/pico-sdk/lib/tinyusb/src/common/tusb_fifo.c.obj
                0x00000000100073d8                tu_fifo_clear
 .text.pio_add_program
                0x0000000010007404       0xe4 CMakeFiles/pico_arm.dir/home/ubuntu/pico-sdk/src/rp2_common/hardware_pio/pio.c.obj
                0x0000000010007404                pio_add_program
 .text.pio_sm_set_consecutive_pindirs
                0x00000000100074e8       0x88 CMakeFiles/pico_arm.dir/home/ubuntu/pico-sdk/src/rp2_common/hardware_pio/pio.c.obj
                0x00000000100074e8                pio_sm_set_consecutive_pindirs
 .text.pio_sm_init
                0x0000000010007570       0x90 CMakeFiles/pico_arm.dir/home/ubuntu/pico-sdk/src/rp2_common/hardware_pio/pio.c.obj
                0x0000000010007570                pio_sm_init
 .text.spi_init
                0x0000000010007600       0xe4 CMakeFiles/pico_arm.dir/home/ubuntu/pico-sdk/src/rp2_common/hardware_spi/spi.c.obj
                0x0000000010007600                spi_init
 .text          0x00000000100076e4       0x68 /usr/lib/gcc/arm-none-eabi/9.2.1/../../../arm-none-eabi/lib/thumb/v6-m/nofp/libc.a(lib_a-strlen-stub.o)
                0x00000000100076e4                strlen
 *(.fini)
 .fini          0x000000001000774c        0x4 /usr/lib/gcc/arm-none-eabi/9.2.1/thumb/v6-m/nofp/crti.o
                0x000000001000774c                _fini
 .fini.__stub   0x0000000010007750       0x70 linker stubs
 *crtbegin.o(.ctors)
 *crtbegin?.o(.ctors)
 *(EXCLUDE_FILE(*crtend.o *crtend?.o) .ctors)
 *(SORT_BY_NAME(.ctors.*))
 *(.ctors)
 *crtbegin.o(.dtors)
 *crtbegin?.o(.dtors)
 *(EXCLUDE_FILE(*crtend.o *crtend?.o) .dtors)
 *(SORT_BY_NAME(.dtors.*))
 *(.dtors)
 *(.eh_frame*)
 .eh_frame      0x00000000100077c0        0x0 /usr/lib/gcc/arm-none-eabi/9.2.1/thumb/v6-m/nofp/crtbegin.o
                0x00000000100077c0                . = ALIGN (0x4)

.glue_7         0x00000000100077c0        0x0
 .glue_7        0x00000000100077c0        0x0 linker stubs

.glue_7t        0x00000000100077c0        0x0
 .glue_7t       0x00000000100077c0        0x0 linker stubs

.vfp11_veneer   0x00000000100077c0        0x0
 .vfp11_veneer  0x00000000100077c0        0x0 linker stubs

.v4_bx          0x00000000100077c0        0x0
 .v4_bx         0x00000000100077c0        0x0 linker stubs

.iplt           0x00000000100077c0        0x0
 .iplt          0x00000000100077c0        0x0 /usr/lib/gcc/arm-none-eabi/9.2.1/thumb/v6-m/nofp/crtbegin.o

.rodata         0x00000000100077c0      0x628
 *(EXCLUDE_FILE(*libm.a: *libc.a:*lib_a-mem*.o *libgcc.a:) .rodata*)
 .rodata.repeating_timer_callback.str1.4
                0x00000000100077c0       0x70 CMakeFiles/pico_arm.dir/pico_arm.c.obj
 .rodata.stepper_program
                0x0000000010007830        0x6 CMakeFiles/pico_arm.dir/stepper/stepper.c.obj
 *fill*         0x0000000010007836        0x2 
 .rodata.stepper_program_instructions
                0x0000000010007838        0xc CMakeFiles/pico_arm.dir/stepper/stepper.c.obj
 .rodata.__bi_61.6522
                0x0000000010007844        0x8 CMakeFiles/pico_arm.dir/as5048a/as5048a.c.obj
 .rodata.__bi_62.6525
                0x000000001000784c        0x8 CMakeFiles/pico_arm.dir/as5048a/as5048a.c.obj
 .rodata.servo_program
                0x0000000010007854        0x6 CMakeFiles/pico_arm.dir/servo/servo.c.obj
 *fill*         0x000000001000785a        0x2 
 .rodata.servo_program_instructions
                0x000000001000785c        0xe CMakeFiles/pico_arm.dir/servo/servo.c.obj
 *fill*         0x000000001000786a        0x2 
 .rodata.spin_lock_claim_unused.str1.4
                0x000000001000786c       0x1b CMakeFiles/pico_arm.dir/home/ubuntu/pico-sdk/src/rp2_common/hardware_sync/sync.c.obj
 *fill*         0x0000000010007887        0x1 
 .rodata.hardware_alarm_claim.str1.4
                0x0000000010007888       0x22 CMakeFiles/pico_arm.dir/home/ubuntu/pico-sdk/src/rp2_common/hardware_timer/timer.c.obj
 *fill*         0x00000000100078aa        0x2 
 .rodata.panic.str1.4
                0x00000000100078ac       0x12 CMakeFiles/pico_arm.dir/home/ubuntu/pico-sdk/src/rp2_common/pico_runtime/runtime.c.obj
 *fill*         0x00000000100078be        0x2 
 .rodata.hard_assertion_failure.str1.4
                0x00000000100078c0        0xc CMakeFiles/pico_arm.dir/home/ubuntu/pico-sdk/src/rp2_common/pico_runtime/runtime.c.obj
 .rodata._ftoa.str1.4
                0x00000000100078cc       0x15 CMakeFiles/pico_arm.dir/home/ubuntu/pico-sdk/src/rp2_common/pico_printf/printf.c.obj
 *fill*         0x00000000100078e1        0x3 
 .rodata._vsnprintf
                0x00000000100078e4      0x1e0 CMakeFiles/pico_arm.dir/home/ubuntu/pico-sdk/src/rp2_common/pico_printf/printf.c.obj
 *fill*         0x0000000010007ac4        0x4 
 .rodata.pow10.5437
                0x0000000010007ac8       0x50 CMakeFiles/pico_arm.dir/home/ubuntu/pico-sdk/src/rp2_common/pico_printf/printf.c.obj
 .rodata.str1.4
                0x0000000010007b18       0x40 CMakeFiles/pico_arm.dir/home/ubuntu/pico-sdk/src/rp2_common/pico_standard_link/binary_info.c.obj
 .rodata.__bi_40
                0x0000000010007b58        0xc CMakeFiles/pico_arm.dir/home/ubuntu/pico-sdk/src/rp2_common/pico_standard_link/binary_info.c.obj
 .rodata.__bi_71
                0x0000000010007b64        0xc CMakeFiles/pico_arm.dir/home/ubuntu/pico-sdk/src/rp2_common/pico_standard_link/binary_info.c.obj
 .rodata.__bi_77
                0x0000000010007b70        0xc CMakeFiles/pico_arm.dir/home/ubuntu/pico-sdk/src/rp2_common/pico_standard_link/binary_info.c.obj
 .rodata.crlf_str.5857
                0x0000000010007b7c        0x2 CMakeFiles/pico_arm.dir/home/ubuntu/pico-sdk/src/rp2_common/pico_stdio/stdio.c.obj
 *fill*         0x0000000010007b7e        0x2 
 .rodata._resetd_driver
                0x0000000010007b80       0x1c CMakeFiles/pico_arm.dir/home/ubuntu/pico-sdk/src/rp2_common/pico_stdio_usb/reset_interface.c.obj
 .rodata.str1.4
                0x0000000010007b9c       0x13 CMakeFiles/pico_arm.dir/home/ubuntu/pico-sdk/src/rp2_common/pico_stdio_usb/stdio_usb.c.obj
 *fill*         0x0000000010007baf        0x1 
 .rodata.__bi_92.7020
                0x0000000010007bb0        0xc CMakeFiles/pico_arm.dir/home/ubuntu/pico-sdk/src/rp2_common/pico_stdio_usb/stdio_usb.c.obj
 .rodata.str1.4
                0x0000000010007bbc       0x3a CMakeFiles/pico_arm.dir/home/ubuntu/pico-sdk/src/rp2_common/pico_stdio_usb/stdio_usb_descriptors.c.obj
 *fill*         0x0000000010007bf6        0x2 
 .rodata.usbd_desc_cfg
                0x0000000010007bf8       0x54 CMakeFiles/pico_arm.dir/home/ubuntu/pico-sdk/src/rp2_common/pico_stdio_usb/stdio_usb_descriptors.c.obj
 .rodata.usbd_desc_device
                0x0000000010007c4c       0x12 CMakeFiles/pico_arm.dir/home/ubuntu/pico-sdk/src/rp2_common/pico_stdio_usb/stdio_usb_descriptors.c.obj
 *fill*         0x0000000010007c5e        0x2 
 .rodata.usbd_desc_str
                0x0000000010007c60       0x18 CMakeFiles/pico_arm.dir/home/ubuntu/pico-sdk/src/rp2_common/pico_stdio_usb/stdio_usb_descriptors.c.obj
 .rodata.dcd_rp2040_irq.str1.4
                0x0000000010007c78       0x14 CMakeFiles/pico_arm.dir/home/ubuntu/pico-sdk/lib/tinyusb/src/portable/raspberrypi/rp2040/dcd_rp2040.c.obj
 .rodata.dcd_edpt_open.str1.4
                0x0000000010007c8c       0x28 CMakeFiles/pico_arm.dir/home/ubuntu/pico-sdk/lib/tinyusb/src/portable/raspberrypi/rp2040/dcd_rp2040.c.obj
 .rodata._hw_endpoint_buffer_control_update32.str1.4
                0x0000000010007cb4       0x1f CMakeFiles/pico_arm.dir/home/ubuntu/pico-sdk/lib/tinyusb/src/portable/raspberrypi/rp2040/rp2040_usb.c.obj
 *fill*         0x0000000010007cd3        0x1 
 .rodata._hw_endpoint_xfer_continue.str1.4
                0x0000000010007cd4       0x50 CMakeFiles/pico_arm.dir/home/ubuntu/pico-sdk/lib/tinyusb/src/portable/raspberrypi/rp2040/rp2040_usb.c.obj
 .rodata.str1.4
                0x0000000010007d24        0x7 CMakeFiles/pico_arm.dir/home/ubuntu/pico-sdk/lib/tinyusb/src/portable/raspberrypi/rp2040/rp2040_usb.c.obj
 *fill*         0x0000000010007d2b        0x1 
 .rodata.tud_task
                0x0000000010007d2c       0x8c CMakeFiles/pico_arm.dir/home/ubuntu/pico-sdk/lib/tinyusb/src/device/usbd.c.obj
 .rodata._usbd_driver
                0x0000000010007db8       0x1c CMakeFiles/pico_arm.dir/home/ubuntu/pico-sdk/lib/tinyusb/src/device/usbd.c.obj
 .rodata.pio_add_program.str1.4
                0x0000000010007dd4       0x11 CMakeFiles/pico_arm.dir/home/ubuntu/pico-sdk/src/rp2_common/hardware_pio/pio.c.obj
                0x0000000010007de8                . = ALIGN (0x4)
 *fill*         0x0000000010007de5        0x3 
 *(SORT_BY_ALIGNMENT(SORT_BY_NAME(.flashdata*)))
                0x0000000010007de8                . = ALIGN (0x4)

.rel.dyn        0x0000000010007de8        0x0
 .rel.iplt      0x0000000010007de8        0x0 /usr/lib/gcc/arm-none-eabi/9.2.1/thumb/v6-m/nofp/crtbegin.o

.ARM.extab
 *(.ARM.extab* .gnu.linkonce.armextab.*)
                0x0000000010007de8                __exidx_start = .

.ARM.exidx
 *(.ARM.exidx* .gnu.linkonce.armexidx.*)
                0x0000000010007de8                __exidx_end = .
                0x0000000010007de8                . = ALIGN (0x4)
                0x0000000010007de8                __binary_info_start = .

.binary_info    0x0000000010007de8       0x28
 *(.binary_info.keep.*)
 .binary_info.keep.__bi_ptr61
                0x0000000010007de8        0x4 CMakeFiles/pico_arm.dir/as5048a/as5048a.c.obj
 .binary_info.keep.__bi_ptr62
                0x0000000010007dec        0x4 CMakeFiles/pico_arm.dir/as5048a/as5048a.c.obj
 .binary_info.keep.__bi_ptr18
                0x0000000010007df0        0x4 CMakeFiles/pico_arm.dir/home/ubuntu/pico-sdk/src/rp2_common/pico_standard_link/binary_info.c.obj
 .binary_info.keep.__bi_ptr26
                0x0000000010007df4        0x4 CMakeFiles/pico_arm.dir/home/ubuntu/pico-sdk/src/rp2_common/pico_standard_link/binary_info.c.obj
 .binary_info.keep.__bi_ptr34
                0x0000000010007df8        0x4 CMakeFiles/pico_arm.dir/home/ubuntu/pico-sdk/src/rp2_common/pico_standard_link/binary_info.c.obj
 .binary_info.keep.__bi_ptr40
                0x0000000010007dfc        0x4 CMakeFiles/pico_arm.dir/home/ubuntu/pico-sdk/src/rp2_common/pico_standard_link/binary_info.c.obj
 .binary_info.keep.__bi_ptr46
                0x0000000010007e00        0x4 CMakeFiles/pico_arm.dir/home/ubuntu/pico-sdk/src/rp2_common/pico_standard_link/binary_info.c.obj
 .binary_info.keep.__bi_ptr71
                0x0000000010007e04        0x4 CMakeFiles/pico_arm.dir/home/ubuntu/pico-sdk/src/rp2_common/pico_standard_link/binary_info.c.obj
 .binary_info.keep.__bi_ptr77
                0x0000000010007e08        0x4 CMakeFiles/pico_arm.dir/home/ubuntu/pico-sdk/src/rp2_common/pico_standard_link/binary_info.c.obj
 *(.binary_info.*)
 .binary_info.__bi_ptr92
                0x0000000010007e0c        0x4 CMakeFiles/pico_arm.dir/home/ubuntu/pico-sdk/src/rp2_common/pico_stdio_usb/stdio_usb.c.obj
                0x0000000010007e10                __binary_info_end = .
                0x0000000010007e10                . = ALIGN (0x4)
                0x0000000010007e10                __etext = .

.ram_vector_table
                0x0000000020000000       0xc0
 *(.ram_vector_table)
 .ram_vector_table
                0x0000000020000000       0xc0 CMakeFiles/pico_arm.dir/home/ubuntu/pico-sdk/src/rp2_common/pico_runtime/runtime.c.obj
                0x0000000020000000                ram_vector_table

.data           0x00000000200000c0      0x318 load address 0x0000000010007e10
                0x00000000200000c0                __data_start__ = .
 *(vtable)
 *(.time_critical*)
 .time_critical.mutex_enter_blocking
                0x00000000200000c0       0x4c CMakeFiles/pico_arm.dir/home/ubuntu/pico-sdk/src/common/pico_sync/mutex.c.obj
                0x00000000200000c0                mutex_enter_blocking
 .time_critical.mutex_try_enter
                0x000000002000010c       0x48 CMakeFiles/pico_arm.dir/home/ubuntu/pico-sdk/src/common/pico_sync/mutex.c.obj
                0x000000002000010c                mutex_try_enter
 .time_critical.mutex_enter_timeout_ms
                0x0000000020000154       0x98 CMakeFiles/pico_arm.dir/home/ubuntu/pico-sdk/src/common/pico_sync/mutex.c.obj
                0x0000000020000154                mutex_enter_timeout_ms
 .time_critical.mutex_exit
                0x00000000200001ec       0x28 CMakeFiles/pico_arm.dir/home/ubuntu/pico-sdk/src/common/pico_sync/mutex.c.obj
                0x00000000200001ec                mutex_exit
 .time_critical.spi_write16_read16_blocking
                0x0000000020000214       0x74 CMakeFiles/pico_arm.dir/home/ubuntu/pico-sdk/src/rp2_common/hardware_spi/spi.c.obj
                0x0000000020000214                spi_write16_read16_blocking
 *(.text*)
 .text          0x0000000020000288        0x4 /usr/lib/gcc/arm-none-eabi/9.2.1/thumb/v6-m/nofp/libgcc.a(_dvmd_tls.o)
                0x0000000020000288                __aeabi_ldiv0
                0x0000000020000288                __aeabi_idiv0
 *fill*         0x000000002000028c        0x4 
 .text.__stub   0x0000000020000290       0x30 linker stubs
                0x00000000200002c0                . = ALIGN (0x4)
 *(.rodata*)
                0x00000000200002c0                . = ALIGN (0x4)
 *(.data*)
 .data.ENCODER_4_ZERO_POSITION
                0x00000000200002c0        0x2 CMakeFiles/pico_arm.dir/pico_arm.c.obj
                0x00000000200002c0                ENCODER_4_ZERO_POSITION
 .data.GRIPPER_TARGET_US
                0x00000000200002c2        0x2 CMakeFiles/pico_arm.dir/pico_arm.c.obj
                0x00000000200002c2                GRIPPER_TARGET_US
 .data.J5_MAX_US
                0x00000000200002c4        0x4 CMakeFiles/pico_arm.dir/pico_arm.c.obj
                0x00000000200002c4                J5_MAX_US
 .data.J5_MIN_US
                0x00000000200002c8        0x4 CMakeFiles/pico_arm.dir/pico_arm.c.obj
                0x00000000200002c8                J5_MIN_US
 *fill*         0x00000000200002cc        0x4 
 .data.J5_TARGET_MAX_ANGLE_DEGREE
                0x00000000200002d0        0x8 CMakeFiles/pico_arm.dir/pico_arm.c.obj
                0x00000000200002d0                J5_TARGET_MAX_ANGLE_DEGREE
 .data.J5_TARGET_MIN_ANGLE_DEGREE
                0x00000000200002d8        0x8 CMakeFiles/pico_arm.dir/pico_arm.c.obj
                0x00000000200002d8                J5_TARGET_MIN_ANGLE_DEGREE
 .data.J5_TARGET_US
                0x00000000200002e0        0x4 CMakeFiles/pico_arm.dir/pico_arm.c.obj
                0x00000000200002e0                J5_TARGET_US
 .data.J5_ZERO_US
                0x00000000200002e4        0x4 CMakeFiles/pico_arm.dir/pico_arm.c.obj
                0x00000000200002e4                J5_ZERO_US
 .data.striped_spin_lock_num
                0x00000000200002e8        0x1 CMakeFiles/pico_arm.dir/home/ubuntu/pico-sdk/src/rp2_common/hardware_sync/sync.c.obj
 *fill*         0x00000000200002e9        0x3 
 .data.default_alarm_pool
                0x00000000200002ec       0x18 CMakeFiles/pico_arm.dir/home/ubuntu/pico-sdk/src/common/pico_time/time.c.obj
 .data.default_alarm_pool_heap
                0x0000000020000304       0x10 CMakeFiles/pico_arm.dir/home/ubuntu/pico-sdk/src/common/pico_time/time.c.obj
 .data          0x0000000020000314       0x48 CMakeFiles/pico_arm.dir/home/ubuntu/pico-sdk/src/rp2_common/hardware_irq/irq_handler_chain.S.obj
                0x0000000020000314                irq_handler_chain_slots
                0x0000000020000344                irq_handler_chain_first_slot
                0x000000002000034e                irq_handler_chain_remove_tail
 *fill*         0x000000002000035c        0x4 
 .data.aeabi_bits_funcs
                0x0000000020000360       0x10 CMakeFiles/pico_arm.dir/home/ubuntu/pico-sdk/src/rp2_common/pico_bit_ops/bit_ops_aeabi.S.obj
                0x0000000020000360                aeabi_bits_funcs
                0x0000000020000370                aeabi_bits_funcs_end
 .data.aeabi_mem_funcs
                0x0000000020000370       0x10 CMakeFiles/pico_arm.dir/home/ubuntu/pico-sdk/src/rp2_common/pico_mem_ops/mem_ops_aeabi.S.obj
                0x0000000020000370                aeabi_mem_funcs
                0x0000000020000380                aeabi_mem_funcs_end
 .data.stdio_usb
                0x0000000020000380       0x14 CMakeFiles/pico_arm.dir/home/ubuntu/pico-sdk/src/rp2_common/pico_stdio_usb/stdio_usb.c.obj
                0x0000000020000380                stdio_usb
 .data.ep_dir_string
                0x0000000020000394        0x8 CMakeFiles/pico_arm.dir/home/ubuntu/pico-sdk/lib/tinyusb/src/portable/raspberrypi/rp2040/rp2040_usb.c.obj
                0x0000000020000394                ep_dir_string
 .data._usbd_qdef
                0x000000002000039c       0x20 CMakeFiles/pico_arm.dir/home/ubuntu/pico-sdk/lib/tinyusb/src/device/usbd.c.obj
                0x000000002000039c                _usbd_qdef
                0x00000000200003bc                . = ALIGN (0x4)
 *(.after_data.*)
                0x00000000200003bc                . = ALIGN (0x4)
                0x00000000200003bc                PROVIDE (__mutex_array_start = .)
 *(SORT_BY_NAME(.mutex_array.*))
 *(.mutex_array)
 .mutex_array   0x00000000200003bc        0x8 CMakeFiles/pico_arm.dir/home/ubuntu/pico-sdk/src/rp2_common/pico_stdio/stdio.c.obj
                0x00000000200003c4                PROVIDE (__mutex_array_end = .)
                0x00000000200003c4                . = ALIGN (0x4)
                0x00000000200003c4                PROVIDE (__preinit_array_start = .)
 *(SORT_BY_NAME(.preinit_array.*))
 .preinit_array.00001
                0x00000000200003c4        0x4 CMakeFiles/pico_arm.dir/home/ubuntu/pico-sdk/src/rp2_common/pico_mem_ops/mem_ops_aeabi.S.obj
 .preinit_array.00010
                0x00000000200003c8        0x4 CMakeFiles/pico_arm.dir/home/ubuntu/pico-sdk/src/rp2_common/pico_bit_ops/bit_ops_aeabi.S.obj
 .preinit_array.00020
                0x00000000200003cc        0x4 CMakeFiles/pico_arm.dir/home/ubuntu/pico-sdk/src/rp2_common/pico_double/double_aeabi.S.obj
 .preinit_array.00020
                0x00000000200003d0        0x4 CMakeFiles/pico_arm.dir/home/ubuntu/pico-sdk/src/rp2_common/pico_float/float_aeabi.S.obj
 *(.preinit_array)
                0x00000000200003d4                PROVIDE (__preinit_array_end = .)
                0x00000000200003d4                . = ALIGN (0x4)
                0x00000000200003d4                PROVIDE (__init_array_start = .)
 *(SORT_BY_NAME(.init_array.*))
 *(.init_array)
 .init_array    0x00000000200003d4        0x4 /usr/lib/gcc/arm-none-eabi/9.2.1/thumb/v6-m/nofp/crtbegin.o
                0x00000000200003d8                PROVIDE (__init_array_end = .)
                0x00000000200003d8                . = ALIGN (0x4)
                0x00000000200003d8                PROVIDE (__fini_array_start = .)
 *(SORT_BY_NAME(.fini_array.*))
 *(.fini_array)
                0x00000000200003d8                PROVIDE (__fini_array_end = .)
 *(.jcr)
                0x00000000200003d8                . = ALIGN (0x4)
                0x00000000200003d8                __data_end__ = .

.tm_clone_table
                0x00000000200003d8        0x0 load address 0x0000000010008128
 .tm_clone_table
                0x00000000200003d8        0x0 /usr/lib/gcc/arm-none-eabi/9.2.1/thumb/v6-m/nofp/crtbegin.o
 .tm_clone_table
                0x00000000200003d8        0x0 /usr/lib/gcc/arm-none-eabi/9.2.1/thumb/v6-m/nofp/crtend.o

.igot.plt       0x00000000200003d8        0x0 load address 0x0000000010008128
 .igot.plt      0x00000000200003d8        0x0 /usr/lib/gcc/arm-none-eabi/9.2.1/thumb/v6-m/nofp/crtbegin.o

.uninitialized_data
                0x00000000200003d8        0x0 load address 0x0000000010008128
                0x00000000200003d8                . = ALIGN (0x4)
 *(.uninitialized_data*)

.scratch_x      0x0000000020040000        0x0 load address 0x0000000010008128
                0x0000000020040000                __scratch_x_start__ = .
 *(.scratch_x.*)
                0x0000000020040000                . = ALIGN (0x4)
                0x0000000020040000                __scratch_x_end__ = .
                0x0000000010008128                __scratch_x_source__ = LOADADDR (.scratch_x)

.scratch_y      0x0000000020041000        0x0 load address 0x0000000010008128
                0x0000000020041000                __scratch_y_start__ = .
 *(.scratch_y.*)
                0x0000000020041000                . = ALIGN (0x4)
                0x0000000020041000                __scratch_y_end__ = .
                0x0000000010008128                __scratch_y_source__ = LOADADDR (.scratch_y)

.bss            0x00000000200003d8      0xf40
                0x00000000200003d8                . = ALIGN (0x4)
                0x00000000200003d8                __bss_start__ = .
 *(SORT_BY_ALIGNMENT(SORT_BY_NAME(.bss*)))
 .bss.J4_CURRENT_ANGLE_DEGREE
                0x00000000200003d8        0x8 CMakeFiles/pico_arm.dir/pico_arm.c.obj
                0x00000000200003d8                J4_CURRENT_ANGLE_DEGREE
 .bss.J4_TARGET_ANGLE_DEGREE
                0x00000000200003e0        0x8 CMakeFiles/pico_arm.dir/pico_arm.c.obj
                0x00000000200003e0                J4_TARGET_ANGLE_DEGREE
 .bss.J5_TARGET_ANGLE_DEGREE
                0x00000000200003e8        0x8 CMakeFiles/pico_arm.dir/pico_arm.c.obj
                0x00000000200003e8                J5_TARGET_ANGLE_DEGREE
 .bss.default_alarm_pool_entries
                0x00000000200003f0      0x100 CMakeFiles/pico_arm.dir/home/ubuntu/pico-sdk/src/common/pico_time/time.c.obj
 .bss.last_avail_time.6999
                0x00000000200004f0        0x8 CMakeFiles/pico_arm.dir/home/ubuntu/pico-sdk/src/rp2_common/pico_stdio_usb/stdio_usb.c.obj
 .bss           0x00000000200004f8       0x1c /usr/lib/gcc/arm-none-eabi/9.2.1/thumb/v6-m/nofp/crtbegin.o
 .bss._app_driver
                0x0000000020000514        0x4 CMakeFiles/pico_arm.dir/home/ubuntu/pico-sdk/lib/tinyusb/src/device/usbd.c.obj
 .bss._cdcd_itf
                0x0000000020000518      0x2d0 CMakeFiles/pico_arm.dir/home/ubuntu/pico-sdk/lib/tinyusb/src/class/cdc/cdc_device.c.obj
 .bss._ctrl_xfer
                0x00000000200007e8       0x14 CMakeFiles/pico_arm.dir/home/ubuntu/pico-sdk/lib/tinyusb/src/device/usbd_control.c.obj
 .bss._ubsd_mutexdef
                0x00000000200007fc        0x8 CMakeFiles/pico_arm.dir/home/ubuntu/pico-sdk/lib/tinyusb/src/device/usbd.c.obj
 .bss._usbd_ctrl_buf
                0x0000000020000804       0x40 CMakeFiles/pico_arm.dir/home/ubuntu/pico-sdk/lib/tinyusb/src/device/usbd_control.c.obj
 .bss._usbd_dev
                0x0000000020000844       0x37 CMakeFiles/pico_arm.dir/home/ubuntu/pico-sdk/lib/tinyusb/src/device/usbd.c.obj
 *fill*         0x000000002000087b        0x1 
 .bss._usbd_mutex
                0x000000002000087c        0x4 CMakeFiles/pico_arm.dir/home/ubuntu/pico-sdk/lib/tinyusb/src/device/usbd.c.obj
 .bss._usbd_q   0x0000000020000880        0x4 CMakeFiles/pico_arm.dir/home/ubuntu/pico-sdk/lib/tinyusb/src/device/usbd.c.obj
 .bss._used_instruction_space
                0x0000000020000884        0x8 CMakeFiles/pico_arm.dir/home/ubuntu/pico-sdk/src/rp2_common/hardware_pio/pio.c.obj
 .bss.alarm_callbacks
                0x000000002000088c       0x10 CMakeFiles/pico_arm.dir/home/ubuntu/pico-sdk/src/rp2_common/hardware_timer/timer.c.obj
 .bss.claimed   0x000000002000089c        0x4 CMakeFiles/pico_arm.dir/home/ubuntu/pico-sdk/src/rp2_common/hardware_sync/sync.c.obj
 .bss.configured_freq
                0x00000000200008a0       0x28 CMakeFiles/pico_arm.dir/home/ubuntu/pico-sdk/src/rp2_common/hardware_clocks/clocks.c.obj
 .bss.default_alarm_pool_entry_ids_high
                0x00000000200008c8       0x10 CMakeFiles/pico_arm.dir/home/ubuntu/pico-sdk/src/common/pico_time/time.c.obj
 .bss.default_alarm_pool_heap_nodes
                0x00000000200008d8       0x30 CMakeFiles/pico_arm.dir/home/ubuntu/pico-sdk/src/common/pico_time/time.c.obj
 .bss.desc_str.6895
                0x0000000020000908       0x28 CMakeFiles/pico_arm.dir/home/ubuntu/pico-sdk/src/rp2_common/pico_stdio_usb/stdio_usb_descriptors.c.obj
 .bss.drivers   0x0000000020000930        0x4 CMakeFiles/pico_arm.dir/home/ubuntu/pico-sdk/src/rp2_common/pico_stdio/stdio.c.obj
 .bss.filter    0x0000000020000934        0x4 CMakeFiles/pico_arm.dir/home/ubuntu/pico-sdk/src/rp2_common/pico_stdio/stdio.c.obj
 .bss.hw_endpoints
                0x0000000020000938      0x680 CMakeFiles/pico_arm.dir/home/ubuntu/pico-sdk/lib/tinyusb/src/portable/raspberrypi/rp2040/dcd_rp2040.c.obj
 .bss.lazy_vsnprintf
                0x0000000020000fb8        0x4 CMakeFiles/pico_arm.dir/home/ubuntu/pico-sdk/src/rp2_common/pico_printf/printf.c.obj
 .bss.load_value
                0x0000000020000fbc        0x4 CMakeFiles/pico_arm.dir/home/ubuntu/pico-sdk/src/rp2_common/hardware_watchdog/watchdog.c.obj
 .bss.next_buffer_ptr
                0x0000000020000fc0        0x4 CMakeFiles/pico_arm.dir/home/ubuntu/pico-sdk/lib/tinyusb/src/portable/raspberrypi/rp2040/dcd_rp2040.c.obj
 .bss.pools     0x0000000020000fc4       0x10 CMakeFiles/pico_arm.dir/home/ubuntu/pico-sdk/src/common/pico_time/time.c.obj
 .bss.stdio_usb_mutex
                0x0000000020000fd4        0x8 CMakeFiles/pico_arm.dir/home/ubuntu/pico-sdk/src/rp2_common/pico_stdio_usb/stdio_usb.c.obj
 .bss.target_hi
                0x0000000020000fdc       0x10 CMakeFiles/pico_arm.dir/home/ubuntu/pico-sdk/src/rp2_common/hardware_timer/timer.c.obj
 .bss.tp_0      0x0000000020000fec        0x4 CMakeFiles/pico_arm.dir/pico_arm.c.obj
                0x0000000020000fec                tp_0
 .bss.tp_1      0x0000000020000ff0        0x4 CMakeFiles/pico_arm.dir/pico_arm.c.obj
                0x0000000020000ff0                tp_1
 .bss.ENCODER_4_CURRENT_NORM_PULSES
                0x0000000020000ff4        0x2 CMakeFiles/pico_arm.dir/pico_arm.c.obj
                0x0000000020000ff4                ENCODER_4_CURRENT_NORM_PULSES
 .bss.ENCODER_4_CURRENT_PULSES
                0x0000000020000ff6        0x2 CMakeFiles/pico_arm.dir/pico_arm.c.obj
                0x0000000020000ff6                ENCODER_4_CURRENT_PULSES
 .bss.J4_CURRENT_STEPS
                0x0000000020000ff8        0x2 CMakeFiles/pico_arm.dir/pico_arm.c.obj
                0x0000000020000ff8                J4_CURRENT_STEPS
 .bss.J4_PREVIOUS_TARGET_STEPS
                0x0000000020000ffa        0x2 CMakeFiles/pico_arm.dir/pico_arm.c.obj
                0x0000000020000ffa                J4_PREVIOUS_TARGET_STEPS
 .bss.J4_STEPS_TO_GO
                0x0000000020000ffc        0x2 CMakeFiles/pico_arm.dir/pico_arm.c.obj
                0x0000000020000ffc                J4_STEPS_TO_GO
 .bss.J4_TARGET_STEPS
                0x0000000020000ffe        0x2 CMakeFiles/pico_arm.dir/pico_arm.c.obj
                0x0000000020000ffe                J4_TARGET_STEPS
 .bss.J4_REACHED
                0x0000000020001000        0x1 CMakeFiles/pico_arm.dir/pico_arm.c.obj
                0x0000000020001000                J4_REACHED
 .bss._app_driver_count
                0x0000000020001001        0x1 CMakeFiles/pico_arm.dir/home/ubuntu/pico-sdk/lib/tinyusb/src/device/usbd.c.obj
 .bss._initialized
                0x0000000020001002        0x1 CMakeFiles/pico_arm.dir/home/ubuntu/pico-sdk/lib/tinyusb/src/tusb.c.obj
 .bss.assigned_address
                0x0000000020001003        0x1 CMakeFiles/pico_arm.dir/home/ubuntu/pico-sdk/lib/tinyusb/src/portable/raspberrypi/rp2040/dcd_rp2040.c.obj
 .bss.claimed   0x0000000020001004        0x1 CMakeFiles/pico_arm.dir/home/ubuntu/pico-sdk/src/rp2_common/hardware_timer/timer.c.obj
 .bss.first_time_header
                0x0000000020001005        0x1 CMakeFiles/pico_arm.dir/pico_arm.c.obj
                0x0000000020001005                first_time_header
 .bss.irq_hander_chain_free_slot_head
                0x0000000020001006        0x1 CMakeFiles/pico_arm.dir/home/ubuntu/pico-sdk/src/rp2_common/hardware_irq/irq.c.obj
 .bss.is_header
                0x0000000020001007        0x1 CMakeFiles/pico_arm.dir/pico_arm.c.obj
                0x0000000020001007                is_header
 .bss.itf_num   0x0000000020001008        0x1 CMakeFiles/pico_arm.dir/home/ubuntu/pico-sdk/src/rp2_common/pico_stdio_usb/reset_interface.c.obj
 .bss.read_counter
                0x0000000020001009        0x1 CMakeFiles/pico_arm.dir/pico_arm.c.obj
                0x0000000020001009                read_counter
 .bss.timer_callbacks_pending
                0x000000002000100a        0x1 CMakeFiles/pico_arm.dir/home/ubuntu/pico-sdk/src/rp2_common/hardware_timer/timer.c.obj
 *(COMMON)
 *fill*         0x000000002000100b        0x1 
 COMMON         0x000000002000100c        0xa CMakeFiles/pico_arm.dir/pico_arm.c.obj
                0x000000002000100c                packet
 *fill*         0x0000000020001016        0x2 
 COMMON         0x0000000020001018       0x20 CMakeFiles/pico_arm.dir/stepper/stepper.c.obj
                0x0000000020001018                stepper_1
                0x0000000020001024                stepper_driver
                0x000000002000102c                stepper_0
 COMMON         0x0000000020001038       0x18 CMakeFiles/pico_arm.dir/servo/servo.c.obj
                0x0000000020001038                servo_driver
                0x0000000020001040                servo_1
                0x0000000020001048                servo_0
 COMMON         0x0000000020001050        0x4 CMakeFiles/pico_arm.dir/home/ubuntu/pico-sdk/src/rp2_common/hardware_uart/uart.c.obj
                0x0000000020001050                uart_char_to_line_feed
 COMMON         0x0000000020001054      0x100 CMakeFiles/pico_arm.dir/home/ubuntu/pico-sdk/src/rp2_common/pico_double/double_init_rom.c.obj
                0x0000000020001054                sd_table
 COMMON         0x0000000020001154      0x104 CMakeFiles/pico_arm.dir/home/ubuntu/pico-sdk/src/rp2_common/pico_float/float_init_rom.c.obj
                0x0000000020001154                sf_table
                0x0000000020001254                sf_clz_func
 COMMON         0x0000000020001258       0xc0 CMakeFiles/pico_arm.dir/home/ubuntu/pico-sdk/lib/tinyusb/src/device/usbd.c.obj
                0x0000000020001258                _usbd_qdef_buf
                0x0000000020001318                . = ALIGN (0x4)
                0x0000000020001318                __bss_end__ = .

.heap           0x0000000020001318      0x800
                0x0000000020001318                __end__ = .
                0x0000000020001318                end = __end__
 *(.heap*)
 .heap          0x0000000020001318      0x800 CMakeFiles/pico_arm.dir/home/ubuntu/pico-sdk/src/rp2_common/pico_standard_link/crt0.S.obj
                0x0000000020001b18                __HeapLimit = .

.stack1_dummy   0x0000000020040000        0x0
 *(.stack1*)

.stack_dummy    0x0000000020041000      0x800
 *(.stack*)
 .stack         0x0000000020041000      0x800 CMakeFiles/pico_arm.dir/home/ubuntu/pico-sdk/src/rp2_common/pico_standard_link/crt0.S.obj

.flash_end      0x0000000010008128        0x0
                0x0000000010008128                __flash_binary_end = .
                0x0000000020040000                __StackLimit = (ORIGIN (RAM) + LENGTH (RAM))
                0x0000000020041000                __StackOneTop = (ORIGIN (SCRATCH_X) + LENGTH (SCRATCH_X))
                0x0000000020042000                __StackTop = (ORIGIN (SCRATCH_Y) + LENGTH (SCRATCH_Y))
                0x0000000020041000                __StackOneBottom = (__StackOneTop - SIZEOF (.stack1_dummy))
                0x0000000020041800                __StackBottom = (__StackTop - SIZEOF (.stack_dummy))
                0x0000000020042000                PROVIDE (__stack = __StackTop)
                0x0000000000000001                ASSERT ((__StackLimit >= __HeapLimit), region RAM overflowed)
                0x0000000000000001                ASSERT (((__binary_info_header_end - __logical_binary_start) <= 0x100), Binary info must be in first 256 bytes of the binary)
LOAD CMakeFiles/pico_arm.dir/pico_arm.c.obj
LOAD CMakeFiles/pico_arm.dir/stepper/stepper.c.obj
LOAD CMakeFiles/pico_arm.dir/as5048a/as5048a.c.obj
LOAD CMakeFiles/pico_arm.dir/servo/servo.c.obj
LOAD CMakeFiles/pico_arm.dir/home/ubuntu/pico-sdk/src/rp2_common/pico_stdlib/stdlib.c.obj
LOAD CMakeFiles/pico_arm.dir/home/ubuntu/pico-sdk/src/rp2_common/hardware_gpio/gpio.c.obj
LOAD CMakeFiles/pico_arm.dir/home/ubuntu/pico-sdk/src/rp2_common/hardware_claim/claim.c.obj
LOAD CMakeFiles/pico_arm.dir/home/ubuntu/pico-sdk/src/rp2_common/hardware_sync/sync.c.obj
LOAD CMakeFiles/pico_arm.dir/home/ubuntu/pico-sdk/src/rp2_common/pico_platform/platform.c.obj
LOAD CMakeFiles/pico_arm.dir/home/ubuntu/pico-sdk/src/rp2_common/hardware_uart/uart.c.obj
LOAD CMakeFiles/pico_arm.dir/home/ubuntu/pico-sdk/src/rp2_common/hardware_divider/divider.S.obj
LOAD CMakeFiles/pico_arm.dir/home/ubuntu/pico-sdk/src/common/pico_time/time.c.obj
LOAD CMakeFiles/pico_arm.dir/home/ubuntu/pico-sdk/src/common/pico_time/timeout_helper.c.obj
LOAD CMakeFiles/pico_arm.dir/home/ubuntu/pico-sdk/src/rp2_common/hardware_timer/timer.c.obj
LOAD CMakeFiles/pico_arm.dir/home/ubuntu/pico-sdk/src/common/pico_sync/sem.c.obj
LOAD CMakeFiles/pico_arm.dir/home/ubuntu/pico-sdk/src/common/pico_sync/lock_core.c.obj
LOAD CMakeFiles/pico_arm.dir/home/ubuntu/pico-sdk/src/common/pico_sync/mutex.c.obj
LOAD CMakeFiles/pico_arm.dir/home/ubuntu/pico-sdk/src/common/pico_sync/critical_section.c.obj
LOAD CMakeFiles/pico_arm.dir/home/ubuntu/pico-sdk/src/common/pico_util/datetime.c.obj
LOAD CMakeFiles/pico_arm.dir/home/ubuntu/pico-sdk/src/common/pico_util/pheap.c.obj
LOAD CMakeFiles/pico_arm.dir/home/ubuntu/pico-sdk/src/common/pico_util/queue.c.obj
LOAD CMakeFiles/pico_arm.dir/home/ubuntu/pico-sdk/src/rp2_common/pico_runtime/runtime.c.obj
LOAD CMakeFiles/pico_arm.dir/home/ubuntu/pico-sdk/src/rp2_common/hardware_clocks/clocks.c.obj
LOAD CMakeFiles/pico_arm.dir/home/ubuntu/pico-sdk/src/rp2_common/hardware_watchdog/watchdog.c.obj
LOAD CMakeFiles/pico_arm.dir/home/ubuntu/pico-sdk/src/rp2_common/hardware_xosc/xosc.c.obj
LOAD CMakeFiles/pico_arm.dir/home/ubuntu/pico-sdk/src/rp2_common/hardware_pll/pll.c.obj
LOAD CMakeFiles/pico_arm.dir/home/ubuntu/pico-sdk/src/rp2_common/hardware_vreg/vreg.c.obj
LOAD CMakeFiles/pico_arm.dir/home/ubuntu/pico-sdk/src/rp2_common/hardware_irq/irq.c.obj
LOAD CMakeFiles/pico_arm.dir/home/ubuntu/pico-sdk/src/rp2_common/hardware_irq/irq_handler_chain.S.obj
LOAD CMakeFiles/pico_arm.dir/home/ubuntu/pico-sdk/src/rp2_common/pico_printf/printf.c.obj
LOAD CMakeFiles/pico_arm.dir/home/ubuntu/pico-sdk/src/rp2_common/pico_bit_ops/bit_ops_aeabi.S.obj
LOAD CMakeFiles/pico_arm.dir/home/ubuntu/pico-sdk/src/rp2_common/pico_bootrom/bootrom.c.obj
LOAD CMakeFiles/pico_arm.dir/home/ubuntu/pico-sdk/src/rp2_common/pico_divider/divider.S.obj
LOAD CMakeFiles/pico_arm.dir/home/ubuntu/pico-sdk/src/rp2_common/pico_double/double_aeabi.S.obj
LOAD CMakeFiles/pico_arm.dir/home/ubuntu/pico-sdk/src/rp2_common/pico_double/double_init_rom.c.obj
LOAD CMakeFiles/pico_arm.dir/home/ubuntu/pico-sdk/src/rp2_common/pico_double/double_math.c.obj
LOAD CMakeFiles/pico_arm.dir/home/ubuntu/pico-sdk/src/rp2_common/pico_double/double_v1_rom_shim.S.obj
LOAD CMakeFiles/pico_arm.dir/home/ubuntu/pico-sdk/src/rp2_common/pico_int64_ops/pico_int64_ops_aeabi.S.obj
LOAD CMakeFiles/pico_arm.dir/home/ubuntu/pico-sdk/src/rp2_common/pico_float/float_aeabi.S.obj
LOAD CMakeFiles/pico_arm.dir/home/ubuntu/pico-sdk/src/rp2_common/pico_float/float_init_rom.c.obj
LOAD CMakeFiles/pico_arm.dir/home/ubuntu/pico-sdk/src/rp2_common/pico_float/float_math.c.obj
LOAD CMakeFiles/pico_arm.dir/home/ubuntu/pico-sdk/src/rp2_common/pico_float/float_v1_rom_shim.S.obj
LOAD CMakeFiles/pico_arm.dir/home/ubuntu/pico-sdk/src/rp2_common/pico_malloc/pico_malloc.c.obj
LOAD CMakeFiles/pico_arm.dir/home/ubuntu/pico-sdk/src/rp2_common/pico_mem_ops/mem_ops_aeabi.S.obj
LOAD CMakeFiles/pico_arm.dir/home/ubuntu/pico-sdk/src/rp2_common/pico_standard_link/crt0.S.obj
LOAD CMakeFiles/pico_arm.dir/home/ubuntu/pico-sdk/src/rp2_common/pico_standard_link/new_delete.cpp.obj
LOAD CMakeFiles/pico_arm.dir/home/ubuntu/pico-sdk/src/rp2_common/pico_standard_link/binary_info.c.obj
LOAD CMakeFiles/pico_arm.dir/home/ubuntu/pico-sdk/src/rp2_common/pico_stdio/stdio.c.obj
LOAD CMakeFiles/pico_arm.dir/home/ubuntu/pico-sdk/src/rp2_common/pico_stdio_usb/reset_interface.c.obj
LOAD CMakeFiles/pico_arm.dir/home/ubuntu/pico-sdk/src/rp2_common/pico_stdio_usb/stdio_usb.c.obj
LOAD CMakeFiles/pico_arm.dir/home/ubuntu/pico-sdk/src/rp2_common/pico_stdio_usb/stdio_usb_descriptors.c.obj
LOAD CMakeFiles/pico_arm.dir/home/ubuntu/pico-sdk/lib/tinyusb/src/portable/raspberrypi/rp2040/dcd_rp2040.c.obj
LOAD CMakeFiles/pico_arm.dir/home/ubuntu/pico-sdk/lib/tinyusb/src/portable/raspberrypi/rp2040/rp2040_usb.c.obj
LOAD CMakeFiles/pico_arm.dir/home/ubuntu/pico-sdk/lib/tinyusb/src/device/usbd.c.obj
LOAD CMakeFiles/pico_arm.dir/home/ubuntu/pico-sdk/lib/tinyusb/src/device/usbd_control.c.obj
LOAD CMakeFiles/pico_arm.dir/home/ubuntu/pico-sdk/lib/tinyusb/src/class/audio/audio_device.c.obj
LOAD CMakeFiles/pico_arm.dir/home/ubuntu/pico-sdk/lib/tinyusb/src/class/cdc/cdc_device.c.obj
LOAD CMakeFiles/pico_arm.dir/home/ubuntu/pico-sdk/lib/tinyusb/src/class/dfu/dfu_rt_device.c.obj
LOAD CMakeFiles/pico_arm.dir/home/ubuntu/pico-sdk/lib/tinyusb/src/class/hid/hid_device.c.obj
LOAD CMakeFiles/pico_arm.dir/home/ubuntu/pico-sdk/lib/tinyusb/src/class/midi/midi_device.c.obj
LOAD CMakeFiles/pico_arm.dir/home/ubuntu/pico-sdk/lib/tinyusb/src/class/msc/msc_device.c.obj
LOAD CMakeFiles/pico_arm.dir/home/ubuntu/pico-sdk/lib/tinyusb/src/class/net/net_device.c.obj
LOAD CMakeFiles/pico_arm.dir/home/ubuntu/pico-sdk/lib/tinyusb/src/class/usbtmc/usbtmc_device.c.obj
LOAD CMakeFiles/pico_arm.dir/home/ubuntu/pico-sdk/lib/tinyusb/src/class/vendor/vendor_device.c.obj
LOAD CMakeFiles/pico_arm.dir/home/ubuntu/pico-sdk/lib/tinyusb/src/tusb.c.obj
LOAD CMakeFiles/pico_arm.dir/home/ubuntu/pico-sdk/lib/tinyusb/src/common/tusb_fifo.c.obj
LOAD CMakeFiles/pico_arm.dir/home/ubuntu/pico-sdk/src/rp2_common/pico_fix/rp2040_usb_device_enumeration/rp2040_usb_device_enumeration.c.obj
LOAD CMakeFiles/pico_arm.dir/home/ubuntu/pico-sdk/src/rp2_common/hardware_pio/pio.c.obj
LOAD CMakeFiles/pico_arm.dir/home/ubuntu/pico-sdk/src/rp2_common/hardware_spi/spi.c.obj
LOAD CMakeFiles/pico_arm.dir/home/ubuntu/pico-sdk/src/rp2_common/hardware_adc/adc.c.obj
LOAD /tmp/cczFJNCA.o
LOAD /usr/lib/gcc/arm-none-eabi/9.2.1/../../../arm-none-eabi/lib/thumb/v6-m/nofp/libstdc++.a
LOAD /usr/lib/gcc/arm-none-eabi/9.2.1/../../../arm-none-eabi/lib/thumb/v6-m/nofp/libm.a
START GROUP
LOAD /usr/lib/gcc/arm-none-eabi/9.2.1/thumb/v6-m/nofp/libgcc.a
LOAD /usr/lib/gcc/arm-none-eabi/9.2.1/../../../arm-none-eabi/lib/thumb/v6-m/nofp/libc.a
END GROUP
START GROUP
LOAD /usr/lib/gcc/arm-none-eabi/9.2.1/thumb/v6-m/nofp/libgcc.a
LOAD /usr/lib/gcc/arm-none-eabi/9.2.1/../../../arm-none-eabi/lib/thumb/v6-m/nofp/libc.a
LOAD /usr/lib/gcc/arm-none-eabi/9.2.1/../../../arm-none-eabi/lib/thumb/v6-m/nofp/libnosys.a
END GROUP
LOAD /usr/lib/gcc/arm-none-eabi/9.2.1/thumb/v6-m/nofp/crtend.o
LOAD /usr/lib/gcc/arm-none-eabi/9.2.1/thumb/v6-m/nofp/crtn.o
OUTPUT(pico_arm.elf elf32-littlearm)
LOAD linker stubs

.ARM.attributes
                0x0000000000000000       0x28
 .ARM.attributes
                0x0000000000000000       0x1e /usr/lib/gcc/arm-none-eabi/9.2.1/thumb/v6-m/nofp/crti.o
 .ARM.attributes
                0x000000000000001e       0x2c /usr/lib/gcc/arm-none-eabi/9.2.1/thumb/v6-m/nofp/crtbegin.o
 .ARM.attributes
                0x000000000000004a       0x2b CMakeFiles/pico_arm.dir/pico_arm.c.obj
 .ARM.attributes
                0x0000000000000075       0x2b CMakeFiles/pico_arm.dir/stepper/stepper.c.obj
 .ARM.attributes
                0x00000000000000a0       0x2b CMakeFiles/pico_arm.dir/as5048a/as5048a.c.obj
 .ARM.attributes
                0x00000000000000cb       0x2b CMakeFiles/pico_arm.dir/servo/servo.c.obj
 .ARM.attributes
                0x00000000000000f6       0x2b CMakeFiles/pico_arm.dir/home/ubuntu/pico-sdk/src/rp2_common/hardware_gpio/gpio.c.obj
 .ARM.attributes
                0x0000000000000121       0x2b CMakeFiles/pico_arm.dir/home/ubuntu/pico-sdk/src/rp2_common/hardware_claim/claim.c.obj
 .ARM.attributes
                0x000000000000014c       0x2b CMakeFiles/pico_arm.dir/home/ubuntu/pico-sdk/src/rp2_common/hardware_sync/sync.c.obj
 .ARM.attributes
                0x0000000000000177       0x2b CMakeFiles/pico_arm.dir/home/ubuntu/pico-sdk/src/rp2_common/pico_platform/platform.c.obj
 .ARM.attributes
                0x00000000000001a2       0x2b CMakeFiles/pico_arm.dir/home/ubuntu/pico-sdk/src/rp2_common/hardware_uart/uart.c.obj
 .ARM.attributes
                0x00000000000001cd       0x2b CMakeFiles/pico_arm.dir/home/ubuntu/pico-sdk/src/common/pico_time/time.c.obj
 .ARM.attributes
                0x00000000000001f8       0x2b CMakeFiles/pico_arm.dir/home/ubuntu/pico-sdk/src/rp2_common/hardware_timer/timer.c.obj
 .ARM.attributes
                0x0000000000000223       0x2b CMakeFiles/pico_arm.dir/home/ubuntu/pico-sdk/src/common/pico_sync/lock_core.c.obj
 .ARM.attributes
                0x000000000000024e       0x2b CMakeFiles/pico_arm.dir/home/ubuntu/pico-sdk/src/common/pico_sync/mutex.c.obj
 .ARM.attributes
                0x0000000000000279       0x2b CMakeFiles/pico_arm.dir/home/ubuntu/pico-sdk/src/common/pico_sync/critical_section.c.obj
 .ARM.attributes
                0x00000000000002a4       0x2b CMakeFiles/pico_arm.dir/home/ubuntu/pico-sdk/src/common/pico_util/pheap.c.obj
 .ARM.attributes
                0x00000000000002cf       0x2b CMakeFiles/pico_arm.dir/home/ubuntu/pico-sdk/src/rp2_common/pico_runtime/runtime.c.obj
 .ARM.attributes
                0x00000000000002fa       0x2b CMakeFiles/pico_arm.dir/home/ubuntu/pico-sdk/src/rp2_common/hardware_clocks/clocks.c.obj
 .ARM.attributes
                0x0000000000000325       0x2b CMakeFiles/pico_arm.dir/home/ubuntu/pico-sdk/src/rp2_common/hardware_watchdog/watchdog.c.obj
 .ARM.attributes
                0x0000000000000350       0x2b CMakeFiles/pico_arm.dir/home/ubuntu/pico-sdk/src/rp2_common/hardware_xosc/xosc.c.obj
 .ARM.attributes
                0x000000000000037b       0x2b CMakeFiles/pico_arm.dir/home/ubuntu/pico-sdk/src/rp2_common/hardware_pll/pll.c.obj
 .ARM.attributes
                0x00000000000003a6       0x2b CMakeFiles/pico_arm.dir/home/ubuntu/pico-sdk/src/rp2_common/hardware_irq/irq.c.obj
 .ARM.attributes
                0x00000000000003d1       0x22 CMakeFiles/pico_arm.dir/home/ubuntu/pico-sdk/src/rp2_common/hardware_irq/irq_handler_chain.S.obj
 .ARM.attributes
                0x00000000000003f3       0x2b CMakeFiles/pico_arm.dir/home/ubuntu/pico-sdk/src/rp2_common/pico_printf/printf.c.obj
 .ARM.attributes
                0x000000000000041e       0x22 CMakeFiles/pico_arm.dir/home/ubuntu/pico-sdk/src/rp2_common/pico_bit_ops/bit_ops_aeabi.S.obj
 .ARM.attributes
                0x0000000000000440       0x2b CMakeFiles/pico_arm.dir/home/ubuntu/pico-sdk/src/rp2_common/pico_bootrom/bootrom.c.obj
 .ARM.attributes
                0x000000000000046b       0x22 CMakeFiles/pico_arm.dir/home/ubuntu/pico-sdk/src/rp2_common/pico_divider/divider.S.obj
 .ARM.attributes
                0x000000000000048d       0x22 CMakeFiles/pico_arm.dir/home/ubuntu/pico-sdk/src/rp2_common/pico_double/double_aeabi.S.obj
 .ARM.attributes
                0x00000000000004af       0x2b CMakeFiles/pico_arm.dir/home/ubuntu/pico-sdk/src/rp2_common/pico_double/double_init_rom.c.obj
 .ARM.attributes
                0x00000000000004da       0x2b CMakeFiles/pico_arm.dir/home/ubuntu/pico-sdk/src/rp2_common/pico_double/double_math.c.obj
 .ARM.attributes
                0x0000000000000505       0x22 CMakeFiles/pico_arm.dir/home/ubuntu/pico-sdk/src/rp2_common/pico_double/double_v1_rom_shim.S.obj
 .ARM.attributes
                0x0000000000000527       0x22 CMakeFiles/pico_arm.dir/home/ubuntu/pico-sdk/src/rp2_common/pico_int64_ops/pico_int64_ops_aeabi.S.obj
 .ARM.attributes
                0x0000000000000549       0x22 CMakeFiles/pico_arm.dir/home/ubuntu/pico-sdk/src/rp2_common/pico_float/float_aeabi.S.obj
 .ARM.attributes
                0x000000000000056b       0x2b CMakeFiles/pico_arm.dir/home/ubuntu/pico-sdk/src/rp2_common/pico_float/float_init_rom.c.obj
 .ARM.attributes
                0x0000000000000596       0x22 CMakeFiles/pico_arm.dir/home/ubuntu/pico-sdk/src/rp2_common/pico_float/float_v1_rom_shim.S.obj
 .ARM.attributes
                0x00000000000005b8       0x22 CMakeFiles/pico_arm.dir/home/ubuntu/pico-sdk/src/rp2_common/pico_mem_ops/mem_ops_aeabi.S.obj
 .ARM.attributes
                0x00000000000005da       0x22 CMakeFiles/pico_arm.dir/home/ubuntu/pico-sdk/src/rp2_common/pico_standard_link/crt0.S.obj
 .ARM.attributes
                0x00000000000005fc       0x32 CMakeFiles/pico_arm.dir/home/ubuntu/pico-sdk/src/rp2_common/pico_standard_link/binary_info.c.obj
 .ARM.attributes
                0x000000000000062e       0x2b CMakeFiles/pico_arm.dir/home/ubuntu/pico-sdk/src/rp2_common/pico_stdio/stdio.c.obj
 .ARM.attributes
                0x0000000000000659       0x2b CMakeFiles/pico_arm.dir/home/ubuntu/pico-sdk/src/rp2_common/pico_stdio_usb/reset_interface.c.obj
 .ARM.attributes
                0x0000000000000684       0x2b CMakeFiles/pico_arm.dir/home/ubuntu/pico-sdk/src/rp2_common/pico_stdio_usb/stdio_usb.c.obj
 .ARM.attributes
                0x00000000000006af       0x2b CMakeFiles/pico_arm.dir/home/ubuntu/pico-sdk/src/rp2_common/pico_stdio_usb/stdio_usb_descriptors.c.obj
 .ARM.attributes
                0x00000000000006da       0x2b CMakeFiles/pico_arm.dir/home/ubuntu/pico-sdk/lib/tinyusb/src/portable/raspberrypi/rp2040/dcd_rp2040.c.obj
 .ARM.attributes